Archive member included to satisfy reference by file (symbol)

app/libapp.a(main.c.obj)      (--whole-archive)
app/libapp.a(ringbuf.c.obj)   (--whole-archive)
app/libapp.a(protocol.c.obj)  (--whole-archive)
app/libapp.a(led_pwm.c.obj)   (--whole-archive)
app/libapp.a(adc_ctrl.c.obj)  (--whole-archive)
app/libapp.a(tx_buffer.c.obj)
                              (--whole-archive)
app/libapp.a(tx_thread.c.obj)
                              (--whole-archive)
app/libapp.a(rx_thread.c.obj)
                              (--whole-archive)
app/libapp.a(adc_stream.c.obj)
                              (--whole-archive)
zephyr/libzephyr.a(validate_libc.c.obj)
                              (--whole-archive)
zephyr/libzephyr.a(heap.c.obj)
                              (--whole-archive)
zephyr/libzephyr.a(cbprintf_packaged.c.obj)
                              (--whole-archive)
zephyr/libzephyr.a(clock.c.obj)
                              (--whole-archive)
zephyr/libzephyr.a(printk.c.obj)
                              (--whole-archive)
zephyr/libzephyr.a(sem.c.obj)
                              (--whole-archive)
zephyr/libzephyr.a(thread_entry.c.obj)
                              (--whole-archive)
zephyr/libzephyr.a(cbprintf_complete.c.obj)
                              (--whole-archive)
zephyr/libzephyr.a(assert.c.obj)
                              (--whole-archive)
zephyr/libzephyr.a(dec.c.obj)
                              (--whole-archive)
zephyr/libzephyr.a(hex.c.obj)
                              (--whole-archive)
zephyr/libzephyr.a(rb.c.obj)  (--whole-archive)
zephyr/libzephyr.a(timeutil.c.obj)
                              (--whole-archive)
zephyr/libzephyr.a(bitarray.c.obj)
                              (--whole-archive)
zephyr/libzephyr.a(bitmask.c.obj)
                              (--whole-archive)
zephyr/libzephyr.a(getopt.c.obj)
                              (--whole-archive)
zephyr/libzephyr.a(getopt_common.c.obj)
                              (--whole-archive)
zephyr/libzephyr.a(ring_buffer.c.obj)
                              (--whole-archive)
zephyr/libzephyr.a(last_section_id.c.obj)
                              (--whole-archive)
zephyr/libzephyr.a(configs.c.obj)
                              (--whole-archive)
zephyr/libzephyr.a(soc.c.obj)
                              (--whole-archive)
zephyr/libzephyr.a(tracing_none.c.obj)
                              (--whole-archive)
zephyr/libzephyr.a(usb_device.c.obj)
                              (--whole-archive)
zephyr/libzephyr.a(usb_descriptor.c.obj)
                              (--whole-archive)
zephyr/libzephyr.a(usb_transfer.c.obj)
                              (--whole-archive)
zephyr/libzephyr.a(cdc_acm.c.obj)
                              (--whole-archive)
zephyr/libzephyr.a(usb_work_q.c.obj)
                              (--whole-archive)
zephyr/arch/common/libarch__common.a(sw_isr_common.c.obj)
                              (--whole-archive)
zephyr/arch/common/libarch__common.a(init.c.obj)
                              (--whole-archive)
zephyr/arch/common/libarch__common.a(xip.c.obj)
                              (--whole-archive)
zephyr/arch/arch/arm/core/libarch__arm__core.a(fatal.c.obj)
                              (--whole-archive)
zephyr/arch/arch/arm/core/libarch__arm__core.a(nmi.c.obj)
                              (--whole-archive)
zephyr/arch/arch/arm/core/libarch__arm__core.a(nmi_on_reset.S.obj)
                              (--whole-archive)
zephyr/arch/arch/arm/core/libarch__arm__core.a(tls.c.obj)
                              (--whole-archive)
zephyr/arch/arch/arm/core/cortex_m/libarch__arm__core__cortex_m.a(exc_exit.c.obj)
                              (--whole-archive)
zephyr/arch/arch/arm/core/cortex_m/libarch__arm__core__cortex_m.a(fault.c.obj)
                              (--whole-archive)
zephyr/arch/arch/arm/core/cortex_m/libarch__arm__core__cortex_m.a(fault_s.S.obj)
                              (--whole-archive)
zephyr/arch/arch/arm/core/cortex_m/libarch__arm__core__cortex_m.a(fpu.c.obj)
                              (--whole-archive)
zephyr/arch/arch/arm/core/cortex_m/libarch__arm__core__cortex_m.a(reset.S.obj)
                              (--whole-archive)
zephyr/arch/arch/arm/core/cortex_m/libarch__arm__core__cortex_m.a(scb.c.obj)
                              (--whole-archive)
zephyr/arch/arch/arm/core/cortex_m/libarch__arm__core__cortex_m.a(thread_abort.c.obj)
                              (--whole-archive)
zephyr/arch/arch/arm/core/cortex_m/libarch__arm__core__cortex_m.a(vector_table.S.obj)
                              (--whole-archive)
zephyr/arch/arch/arm/core/cortex_m/libarch__arm__core__cortex_m.a(swap_helper.S.obj)
                              (--whole-archive)
zephyr/arch/arch/arm/core/cortex_m/libarch__arm__core__cortex_m.a(irq_manage.c.obj)
                              (--whole-archive)
zephyr/arch/arch/arm/core/cortex_m/libarch__arm__core__cortex_m.a(prep_c.c.obj)
[...]
Memory Configuration

Name             Origin             Length             Attributes
BOOT_FLASH       0x0000000010000000 0x0000000000000100 r
FLASH            0x0000000010000100 0x00000000001fff00 xr
RAM              0x0000000020000000 0x0000000000042000 xw
IDT_LIST         0x00000000ffff7fff 0x0000000000008000 xw
*default*        0x0000000000000000 0xffffffffffffffff

Linker script and memory map

                0x0000000010005b10                vfprintf = __l_vfprintf
                0x0000000000000000                vfscanf = __l_vfscanf
LOAD zephyr/CMakeFiles/zephyr_pre0.dir/misc/empty_file.c.obj
LOAD zephyr/CMakeFiles/offsets.dir/./arch/arm/core/offsets/offsets.c.obj
LOAD app/libapp.a
LOAD zephyr/libzephyr.a
LOAD zephyr/arch/common/libarch__common.a
LOAD zephyr/arch/arch/arm/core/libarch__arm__core.a
LOAD zephyr/arch/arch/arm/core/cortex_m/libarch__arm__core__cortex_m.a
LOAD zephyr/lib/libc/picolibc/liblib__libc__picolibc.a
LOAD zephyr/lib/libc/common/liblib__libc__common.a
LOAD zephyr/lib/posix/c_lib_ext/liblib__posix__c_lib_ext.a
LOAD zephyr/drivers/usb/device/libdrivers__usb__device.a
LOAD zephyr/drivers/adc/libdrivers__adc.a
LOAD zephyr/drivers/clock_control/libdrivers__clock_control.a
LOAD zephyr/drivers/gpio/libdrivers__gpio.a
LOAD zephyr/drivers/hwinfo/libdrivers__hwinfo.a
LOAD zephyr/drivers/pinctrl/libdrivers__pinctrl.a
LOAD zephyr/drivers/pwm/libdrivers__pwm.a
LOAD zephyr/drivers/reset/libdrivers__reset.a
LOAD zephyr/drivers/serial/libdrivers__serial.a
LOAD zephyr/drivers/timer/libdrivers__timer.a
LOAD modules/hal_rpi_pico/libmodules__hal_rpi_pico.a
LOAD zephyr/kernel/libkernel.a
LOAD zephyr/arch/common/libisr_tables.a
LOAD /home/wojtess/zephyr-sdk-0.17.4/arm-zephyr-eabi/bin/../lib/gcc/../../picolibc/arm-zephyr-eabi/lib/thumb/v6-m/nofp/libc.a
LOAD /home/wojtess/zephyr-sdk-0.17.4/arm-zephyr-eabi/bin/../lib/gcc/arm-zephyr-eabi/12.2.0/thumb/v6-m/nofp/libgcc.a

.boot2          0x0000000010000000      0x100
 *(SORT_BY_ALIGNMENT(.boot2))
 .boot2         0x0000000010000000      0x100 modules/hal_rpi_pico/libmodules__hal_rpi_pico.a(boot_stage2.S.obj)
                0x0000000000000004                _region_min_align = 0x4

.rel.plt        0x0000000010000100        0x0
 *(SORT_BY_ALIGNMENT(.rel.plt))
                [!provide]                        PROVIDE (__rel_iplt_start = .)
 *(SORT_BY_ALIGNMENT(.rel.iplt))
 .rel.iplt      0x0000000010000100        0x0 app/libapp.a(main.c.obj)
                [!provide]                        PROVIDE (__rel_iplt_end = .)

.rela.plt       0x0000000010000100        0x0
 *(SORT_BY_ALIGNMENT(.rela.plt))
                [!provide]                        PROVIDE (__rela_iplt_start = .)
 *(SORT_BY_ALIGNMENT(.rela.iplt))
                [!provide]                        PROVIDE (__rela_iplt_end = .)

.rel.dyn
 *(SORT_BY_ALIGNMENT(.rel.*))

.rela.dyn
 *(SORT_BY_ALIGNMENT(.rela.*))

/DISCARD/
 *(SORT_BY_ALIGNMENT(.plt))

/DISCARD/
 *(SORT_BY_ALIGNMENT(.iplt))
                0x0000000010000100                __rom_region_start = 0x10000100

rom_start       0x0000000010000100       0xa8
                0x0000000010000100                __rom_start_address = .
 FILL mask 0x00
                0x0000000010000100                . = (. + (0x0 - (. - __rom_start_address)))
                0x0000000010000100                . = ALIGN (0x4)
                0x0000000010000100                . = ALIGN (0x100)
                0x0000000010000100                . = ALIGN (0x100)
                0x0000000010000100                _vector_start = .
 *(SORT_BY_ALIGNMENT(.exc_vector_table))
 *(SORT_BY_ALIGNMENT(.exc_vector_table.*))
 .exc_vector_table._vector_table_section
                0x0000000010000100       0x40 zephyr/arch/arch/arm/core/cortex_m/libarch__arm__core__cortex_m.a(vector_table.S.obj)
                0x0000000010000100                _vector_table
 *(SORT_BY_ALIGNMENT(.vectors))
                0x00000000100001a8                _vector_end = .
                0x0000000010000140                . = ALIGN (0x4)
 *(SORT_BY_ALIGNMENT(.gnu.linkonce.irq_vector_table*))
 .gnu.linkonce.irq_vector_table
                0x0000000010000140       0x68 zephyr/arch/common/libisr_tables.a(isr_tables.c.obj)
                0x0000000010000140                _irq_vector_table
                0x00000000100001a8                _vector_end = .

text            0x00000000100001a8     0x7818
                0x00000000100001a8                __text_region_start = .
 *(SORT_BY_ALIGNMENT(.text))
 .text          0x00000000100001a8       0x14 /home/wojtess/zephyr-sdk-0.17.4/arm-zephyr-eabi/bin/../lib/gcc/arm-zephyr-eabi/12.2.0/thumb/v6-m/nofp/libgcc.a(_thumb1_case_uqi.o)
                0x00000000100001a8                __gnu_thumb1_case_uqi
 .text          0x00000000100001bc       0x8c /home/wojtess/zephyr-sdk-0.17.4/arm-zephyr-eabi/bin/../lib/gcc/arm-zephyr-eabi/12.2.0/thumb/v6-m/nofp/libgcc.a(_udivsi3.o)
                0x00000000100001bc                __udivsi3
                0x00000000100001bc                __aeabi_uidiv
                0x0000000010000234                __aeabi_uidivmod
 .text          0x0000000010000248       0xa8 /home/wojtess/zephyr-sdk-0.17.4/arm-zephyr-eabi/bin/../lib/gcc/arm-zephyr-eabi/12.2.0/thumb/v6-m/nofp/libgcc.a(_divsi3.o)
                0x0000000010000248                __aeabi_idiv
                0x0000000010000248                __divsi3
                0x00000000100002dc                __aeabi_idivmod
 .text          0x00000000100002f0        0x4 /home/wojtess/zephyr-sdk-0.17.4/arm-zephyr-eabi/bin/../lib/gcc/arm-zephyr-eabi/12.2.0/thumb/v6-m/nofp/libgcc.a(_dvmd_tls.o)
                0x00000000100002f0                __aeabi_ldiv0
                0x00000000100002f0                __aeabi_idiv0
 .text          0x00000000100002f4       0x18 /home/wojtess/zephyr-sdk-0.17.4/arm-zephyr-eabi/bin/../lib/gcc/arm-zephyr-eabi/12.2.0/thumb/v6-m/nofp/libgcc.a(_lshrdi3.o)
                0x00000000100002f4                __aeabi_llsr
                0x00000000100002f4                __lshrdi3
 .text          0x000000001000030c       0x3c /home/wojtess/zephyr-sdk-0.17.4/arm-zephyr-eabi/bin/../lib/gcc/arm-zephyr-eabi/12.2.0/thumb/v6-m/nofp/libgcc.a(_clzsi2.o)
                0x000000001000030c                __clzsi2
 .text          0x0000000010000348       0x40 /home/wojtess/zephyr-sdk-0.17.4/arm-zephyr-eabi/bin/../lib/gcc/arm-zephyr-eabi/12.2.0/thumb/v6-m/nofp/libgcc.a(_ctzsi2.o)
                0x0000000010000348                __ctzsi2
 .text          0x0000000010000388       0x40 /home/wojtess/zephyr-sdk-0.17.4/arm-zephyr-eabi/bin/../lib/gcc/arm-zephyr-eabi/12.2.0/thumb/v6-m/nofp/libgcc.a(_aeabi_uldivmod.o)
                0x0000000010000388                __aeabi_uldivmod
 .text          0x00000000100003c8      0x2e8 /home/wojtess/zephyr-sdk-0.17.4/arm-zephyr-eabi/bin/../lib/gcc/arm-zephyr-eabi/12.2.0/thumb/v6-m/nofp/libgcc.a(addsf3.o)
                0x00000000100003c8                __aeabi_fadd
 .text          0x00000000100006b0      0x1c4 /home/wojtess/zephyr-sdk-0.17.4/arm-zephyr-eabi/bin/../lib/gcc/arm-zephyr-eabi/12.2.0/thumb/v6-m/nofp/libgcc.a(divsf3.o)
                0x00000000100006b0                __aeabi_fdiv
 .text          0x0000000010000874      0x1ec /home/wojtess/zephyr-sdk-0.17.4/arm-zephyr-eabi/bin/../lib/gcc/arm-zephyr-eabi/12.2.0/thumb/v6-m/nofp/libgcc.a(mulsf3.o)
                0x0000000010000874                __aeabi_fmul
 .text          0x0000000010000a60       0x3c /home/wojtess/zephyr-sdk-0.17.4/arm-zephyr-eabi/bin/../lib/gcc/arm-zephyr-eabi/12.2.0/thumb/v6-m/nofp/libgcc.a(fixsfsi.o)
                0x0000000010000a60                __aeabi_f2iz
 .text          0x0000000010000a9c       0x78 /home/wojtess/zephyr-sdk-0.17.4/arm-zephyr-eabi/bin/../lib/gcc/arm-zephyr-eabi/12.2.0/thumb/v6-m/nofp/libgcc.a(floatunsisf.o)
                0x0000000010000a9c                __aeabi_ui2f
 .text          0x0000000010000b14       0x18 /home/wojtess/zephyr-sdk-0.17.4/arm-zephyr-eabi/bin/../lib/gcc/arm-zephyr-eabi/12.2.0/thumb/v6-m/nofp/libgcc.a(_ashldi3.o)
                0x0000000010000b14                __ashldi3
                0x0000000010000b14                __aeabi_llsl
 .text          0x0000000010000b2c       0x18 /home/wojtess/zephyr-sdk-0.17.4/arm-zephyr-eabi/bin/../lib/gcc/arm-zephyr-eabi/12.2.0/thumb/v6-m/nofp/libgcc.a(_clzdi2.o)
                0x0000000010000b2c                __clzdi2
 .text          0x0000000010000b44        0xe /home/wojtess/zephyr-sdk-0.17.4/arm-zephyr-eabi/bin/../lib/gcc/../../picolibc/arm-zephyr-eabi/lib/thumb/v6-m/nofp/libc.a(strlen.S.o)
                0x0000000010000b44                strlen
 .text          0x0000000010000b52       0x44 /home/wojtess/zephyr-sdk-0.17.4/arm-zephyr-eabi/bin/../lib/gcc/arm-zephyr-eabi/12.2.0/thumb/v6-m/nofp/libgcc.a(_muldi3.o)
                0x0000000010000b52                __aeabi_lmul
                0x0000000010000b52                __muldi3
 .text          0x0000000010000b96        0xe /home/wojtess/zephyr-sdk-0.17.4/arm-zephyr-eabi/bin/../lib/gcc/arm-zephyr-eabi/12.2.0/thumb/v6-m/nofp/libgcc.a(_ffssi2.o)
                0x0000000010000b96                __ffssi2
 .text          0x0000000010000ba4       0xde /home/wojtess/zephyr-sdk-0.17.4/arm-zephyr-eabi/bin/../lib/gcc/arm-zephyr-eabi/12.2.0/thumb/v6-m/nofp/libgcc.a(_udivmoddi4.o)
                0x0000000010000ba4                __udivmoddi4
 *(SORT_BY_ALIGNMENT(.text.*))
 *fill*         0x0000000010000c82        0x2 
 .text.send_adc_response_cb
                0x0000000010000c84       0x1c app/libapp.a(main.c.obj)
 .text.send_response_cb
                0x0000000010000ca0       0x18 app/libapp.a(main.c.obj)
 .text.stream_stop_cb
                0x0000000010000cb8       0x10 app/libapp.a(main.c.obj)
 .text.stream_start_cb
                0x0000000010000cc8       0x14 app/libapp.a(main.c.obj)
 .text.adc_read_cb
                0x0000000010000cdc       0x10 app/libapp.a(main.c.obj)
 .text.pwm_set_cb
                0x0000000010000cec       0x14 app/libapp.a(main.c.obj)
 .text.led_set_cb
                0x0000000010000d00       0x14 app/libapp.a(main.c.obj)
 .text.uart_rx_handler
                0x0000000010000d14       0x58 app/libapp.a(main.c.obj)
 .text.main     0x0000000010000d6c      0x250 app/libapp.a(main.c.obj)
                0x0000000010000d6c                main
 .text.proto_process_byte
                0x0000000010000fbc      0x154 app/libapp.a(protocol.c.obj)
                0x0000000010000fbc                proto_process_byte
 .text.pwm_set_usec.constprop.0
                0x0000000010001110       0x74 app/libapp.a(led_pwm.c.obj)
 .text.adc_ctrl_read_channel0
                0x0000000010001184       0x5c app/libapp.a(adc_ctrl.c.obj)
                0x0000000010001184                adc_ctrl_read_channel0
 .text.tx_thread_entry
                0x00000000100011e0       0x48 app/libapp.a(tx_thread.c.obj)
 .text.tx_thread_start
                0x0000000010001228       0x68 app/libapp.a(tx_thread.c.obj)
                0x0000000010001228                tx_thread_start
 .text.rx_thread_entry
                0x0000000010001290       0x44 app/libapp.a(rx_thread.c.obj)
 .text.rx_thread_start
                0x00000000100012d4       0x68 app/libapp.a(rx_thread.c.obj)
                0x00000000100012d4                rx_thread_start
 .text.adc_stream_init
                0x000000001000133c       0x3c app/libapp.a(adc_stream.c.obj)
                0x000000001000133c                adc_stream_init
 .text.adc_stream_stop
                0x0000000010001378       0x2c app/libapp.a(adc_stream.c.obj)
                0x0000000010001378                adc_stream_stop
 .text.adc_stream_start
                0x00000000100013a4       0x5c app/libapp.a(adc_stream.c.obj)
                0x00000000100013a4                adc_stream_start
 .text.char_out
                0x0000000010001400       0x10 zephyr/libzephyr.a(printk.c.obj)
 .text.vprintk  0x0000000010001410       0x30 zephyr/libzephyr.a(printk.c.obj)
                0x0000000010001410                vprintk
 .text.z_thread_entry
                0x0000000010001440       0x30 zephyr/libzephyr.a(thread_entry.c.obj)
                0x0000000010001440                z_thread_entry
 .text.class_handler
                0x0000000010001470       0x54 zephyr/libzephyr.a(usb_device.c.obj)
 .text.custom_handler
                0x00000000100014c4       0x68 zephyr/libzephyr.a(usb_device.c.obj)
 .text.vendor_handler
                0x000000001000152c       0x38 zephyr/libzephyr.a(usb_device.c.obj)
 .text.disable_endpoint
                0x0000000010001564       0x28 zephyr/libzephyr.a(usb_device.c.obj)
 .text.usb_reset_alt_setting
                0x000000001000158c       0x14 zephyr/libzephyr.a(usb_device.c.obj)
 .text.is_ep_valid.part.0
                0x00000000100015a0       0x34 zephyr/libzephyr.a(usb_device.c.obj)
 .text.usb_halt_endpoint_req
                0x00000000100015d4       0x58 zephyr/libzephyr.a(usb_device.c.obj)
 .text.usb_handle_request.constprop.0
                0x000000001000162c       0x30 zephyr/libzephyr.a(usb_device.c.obj)
 .text.forward_status_cb
                0x000000001000165c       0xa8 zephyr/libzephyr.a(usb_device.c.obj)
 .text.set_endpoint
                0x0000000010001704       0x8c zephyr/libzephyr.a(usb_device.c.obj)
 .text.usb_handle_standard_request
                0x0000000010001790      0x2ec zephyr/libzephyr.a(usb_device.c.obj)
 .text.usb_data_to_host
                0x0000000010001a7c       0x5c zephyr/libzephyr.a(usb_device.c.obj)
 .text.usb_handle_control_transfer
                0x0000000010001ad8       0xdc zephyr/libzephyr.a(usb_device.c.obj)
 .text.usb_set_config
                0x0000000010001bb4       0x2c zephyr/libzephyr.a(usb_device.c.obj)
                0x0000000010001bb4                usb_set_config
 .text.usb_enable
                0x0000000010001be0      0x140 zephyr/libzephyr.a(usb_device.c.obj)
                0x0000000010001be0                usb_enable
 .text.usb_update_sn_string_descriptor
                0x0000000010001d20       0x74 zephyr/libzephyr.a(usb_descriptor.c.obj)
                0x0000000010001d20                usb_update_sn_string_descriptor
 .text.usb_get_device_descriptor
                0x0000000010001d94      0x1f0 zephyr/libzephyr.a(usb_descriptor.c.obj)
                0x0000000010001d94                usb_get_device_descriptor
 .text.usb_ep_get_transfer
                0x0000000010001f84       0x2c zephyr/libzephyr.a(usb_transfer.c.obj)
 .text.usb_transfer_work
                0x0000000010001fb0       0xdc zephyr/libzephyr.a(usb_transfer.c.obj)
 .text.usb_transfer_ep_callback
                0x000000001000208c       0x54 zephyr/libzephyr.a(usb_transfer.c.obj)
                0x000000001000208c                usb_transfer_ep_callback
 .text.usb_transfer
                0x00000000100020e0       0xe0 zephyr/libzephyr.a(usb_transfer.c.obj)
                0x00000000100020e0                usb_transfer
 .text.usb_cancel_transfer
                0x00000000100021c0       0x34 zephyr/libzephyr.a(usb_transfer.c.obj)
                0x00000000100021c0                usb_cancel_transfer
 .text.usb_cancel_transfers
                0x00000000100021f4       0x40 zephyr/libzephyr.a(usb_transfer.c.obj)
                0x00000000100021f4                usb_cancel_transfers
 .text.usb_transfer_init
                0x0000000010002234       0x30 zephyr/libzephyr.a(usb_transfer.c.obj)
                0x0000000010002234                usb_transfer_init
 .text.cdc_acm_irq_rx_enable
                0x0000000010002264       0x2c zephyr/libzephyr.a(cdc_acm.c.obj)
 .text.cdc_acm_irq_tx_enable
                0x0000000010002290       0x2c zephyr/libzephyr.a(cdc_acm.c.obj)
 .text.cdc_acm_fifo_fill
                0x00000000100022bc       0x3c zephyr/libzephyr.a(cdc_acm.c.obj)
 .text.cdc_acm_write_cb
                0x00000000100022f8       0x5c zephyr/libzephyr.a(cdc_acm.c.obj)
 .text.cdc_acm_class_handle_req
                0x0000000010002354       0x58 zephyr/libzephyr.a(cdc_acm.c.obj)
                0x0000000010002354                cdc_acm_class_handle_req
 .text.cdc_acm_int_in
                0x00000000100023ac       0x1c zephyr/libzephyr.a(cdc_acm.c.obj)
 .text.cdc_acm_reset_port
                0x00000000100023c8       0x38 zephyr/libzephyr.a(cdc_acm.c.obj)
 .text.cdc_acm_init
                0x0000000010002400       0x48 zephyr/libzephyr.a(cdc_acm.c.obj)
 .text.cdc_acm_send_notification.isra.0
                0x0000000010002448       0x48 zephyr/libzephyr.a(cdc_acm.c.obj)
 .text.cdc_acm_poll_out
                0x0000000010002490       0x74 zephyr/libzephyr.a(cdc_acm.c.obj)
 .text.tx_work_handler
                0x0000000010002504       0x80 zephyr/libzephyr.a(cdc_acm.c.obj)
 .text.cdc_acm_read_cb
                0x0000000010002584       0x80 zephyr/libzephyr.a(cdc_acm.c.obj)
 .text.cdc_acm_dev_status_cb
                0x0000000010002604       0x80 zephyr/libzephyr.a(cdc_acm.c.obj)
 .text.z_usb_work_q_init
                0x0000000010002684       0x30 zephyr/libzephyr.a(usb_work_q.c.obj)
 .text.arch_bss_zero
                0x00000000100026b4       0x18 zephyr/arch/common/libarch__common.a(init.c.obj)
                0x00000000100026b4                arch_bss_zero
 .text.arch_data_copy
                0x00000000100026cc       0x34 zephyr/arch/common/libarch__common.a(xip.c.obj)
                0x00000000100026cc                arch_data_copy
 .text.z_arm_fatal_error
                0x0000000010002700       0x60 zephyr/arch/arch/arm/core/libarch__arm__core.a(fatal.c.obj)
                0x0000000010002700                z_arm_fatal_error
 .text.z_SysNmiOnReset
                0x0000000010002760        0x4 zephyr/arch/arch/arm/core/libarch__arm__core.a(nmi_on_reset.S.obj)
                0x0000000010002760                z_SysNmiOnReset
 .text.arch_tls_stack_setup
                0x0000000010002764       0x38 zephyr/arch/arch/arm/core/libarch__arm__core.a(tls.c.obj)
                0x0000000010002764                arch_tls_stack_setup
 .text._HandlerModeExit
                0x000000001000279c       0x20 zephyr/arch/arch/arm/core/cortex_m/libarch__arm__core__cortex_m.a(exc_exit.c.obj)
                0x000000001000279c                z_arm_exc_exit
                0x000000001000279c                z_arm_int_exit
 .text.z_arm_fault
                0x00000000100027bc       0xec zephyr/arch/arch/arm/core/cortex_m/libarch__arm__core__cortex_m.a(fault.c.obj)
                0x00000000100027bc                z_arm_fault
 .text.z_arm_fault_init
                0x00000000100028a8       0x10 zephyr/arch/arch/arm/core/cortex_m/libarch__arm__core__cortex_m.a(fault.c.obj)
                0x00000000100028a8                z_arm_fault_init
 .text.__fault  0x00000000100028b8       0x14 zephyr/arch/arch/arm/core/cortex_m/libarch__arm__core__cortex_m.a(fault_s.S.obj)
                0x00000000100028b8                z_arm_exc_spurious
                0x00000000100028b8                z_arm_hard_fault
 .text._reset_section
                0x00000000100028cc       0x34 zephyr/arch/arch/arm/core/cortex_m/libarch__arm__core__cortex_m.a(reset.S.obj)
                0x00000000100028cc                z_arm_reset
                0x00000000100028cc                __start
 .text.z_impl_k_thread_abort
                0x0000000010002900       0x38 zephyr/arch/arch/arm/core/cortex_m/libarch__arm__core__cortex_m.a(thread_abort.c.obj)
                0x0000000010002900                z_impl_k_thread_abort
 .text.z_arm_pendsv
                0x0000000010002938       0x70 zephyr/arch/arch/arm/core/cortex_m/libarch__arm__core__cortex_m.a(swap_helper.S.obj)
                0x0000000010002938                z_arm_pendsv
 .text.z_arm_svc
                0x00000000100029a8       0x28 zephyr/arch/arch/arm/core/cortex_m/libarch__arm__core__cortex_m.a(swap_helper.S.obj)
                0x00000000100029a8                z_arm_svc
 .text.arm_irq_enable
                0x00000000100029d0       0x18 zephyr/arch/arch/arm/core/cortex_m/libarch__arm__core__cortex_m.a(irq_manage.c.obj)
                0x00000000100029d0                arm_irq_enable
 .text.arm_irq_disable
                0x00000000100029e8       0x20 zephyr/arch/arch/arm/core/cortex_m/libarch__arm__core__cortex_m.a(irq_manage.c.obj)
                0x00000000100029e8                arm_irq_disable
 .text.arm_irq_priority_set
                0x0000000010002a08       0x54 zephyr/arch/arch/arm/core/cortex_m/libarch__arm__core__cortex_m.a(irq_manage.c.obj)
                0x0000000010002a08                arm_irq_priority_set
 .text.relocate_vector_table
                0x0000000010002a5c       0x1c zephyr/arch/arch/arm/core/cortex_m/libarch__arm__core__cortex_m.a(prep_c.c.obj)
                0x0000000010002a5c                relocate_vector_table
 .text.arch_new_thread
                0x0000000010002a78       0x2c zephyr/arch/arch/arm/core/cortex_m/libarch__arm__core__cortex_m.a(thread.c.obj)
                0x0000000010002a78                arch_new_thread
 .text.arch_switch_to_main_thread
                0x0000000010002aa4       0x38 zephyr/arch/arch/arm/core/cortex_m/libarch__arm__core__cortex_m.a(thread.c.obj)
                0x0000000010002aa4                arch_switch_to_main_thread
 .text.z_arm_cpu_idle_init
                0x0000000010002adc        0xc zephyr/arch/arch/arm/core/cortex_m/libarch__arm__core__cortex_m.a(cpu_idle.c.obj)
                0x0000000010002adc                z_arm_cpu_idle_init
 .text.z_arm_interrupt_init
                0x0000000010002ae8       0x30 zephyr/arch/arch/arm/core/cortex_m/libarch__arm__core__cortex_m.a(irq_init.c.obj)
                0x0000000010002ae8                z_arm_interrupt_init
 .text._isr_wrapper
                0x0000000010002b18       0x20 zephyr/arch/arch/arm/core/cortex_m/libarch__arm__core__cortex_m.a(isr_wrapper.c.obj)
                0x0000000010002b18                _isr_wrapper
 .text.__aeabi_read_tp
                0x0000000010002b38        0xc zephyr/arch/arch/arm/core/cortex_m/libarch__arm__core__cortex_m.a(__aeabi_read_tp.S.obj)
                0x0000000010002b38                __aeabi_read_tp
 .text.abort    0x0000000010002b44       0x18 zephyr/lib/libc/common/liblib__libc__common.a(abort.c.obj)
                0x0000000010002b44                abort
 .text.malloc_prepare
                0x0000000010002b5c       0x24 zephyr/lib/libc/common/liblib__libc__common.a(malloc.c.obj)
 .text.udc_rpi_get_ep_state
                0x0000000010002b80       0x2c zephyr/drivers/usb/device/libdrivers__usb__device.a(usb_dc_rpi_pico.c.obj)
 .text.udc_rpi_cancel_endpoint
                0x0000000010002bac       0x78 zephyr/drivers/usb/device/libdrivers__usb__device.a(usb_dc_rpi_pico.c.obj)
 .text.usb_rpi_init
                0x0000000010002c24       0x68 zephyr/drivers/usb/device/libdrivers__usb__device.a(usb_dc_rpi_pico.c.obj)
 .text.k_msgq_put.constprop.0.isra.0
                0x0000000010002c8c       0x14 zephyr/drivers/usb/device/libdrivers__usb__device.a(usb_dc_rpi_pico.c.obj)
 .text.udc_rpi_handle_resume
                0x0000000010002ca0       0x2c zephyr/drivers/usb/device/libdrivers__usb__device.a(usb_dc_rpi_pico.c.obj)
 .text.udc_rpi_thread_main
                0x0000000010002ccc       0x60 zephyr/drivers/usb/device/libdrivers__usb__device.a(usb_dc_rpi_pico.c.obj)
 .text.udc_rpi_isr
                0x0000000010002d2c      0x228 zephyr/drivers/usb/device/libdrivers__usb__device.a(usb_dc_rpi_pico.c.obj)
 .text.usb_dc_attach
                0x0000000010002f54      0x12c zephyr/drivers/usb/device/libdrivers__usb__device.a(usb_dc_rpi_pico.c.obj)
                0x0000000010002f54                usb_dc_attach
 .text.usb_dc_set_status_callback
                0x0000000010003080        0xc zephyr/drivers/usb/device/libdrivers__usb__device.a(usb_dc_rpi_pico.c.obj)
                0x0000000010003080                usb_dc_set_status_callback
 .text.usb_dc_set_address
                0x000000001000308c       0x1c zephyr/drivers/usb/device/libdrivers__usb__device.a(usb_dc_rpi_pico.c.obj)
                0x000000001000308c                usb_dc_set_address
 .text.usb_dc_ep_set_stall
                0x00000000100030a8       0x50 zephyr/drivers/usb/device/libdrivers__usb__device.a(usb_dc_rpi_pico.c.obj)
                0x00000000100030a8                usb_dc_ep_set_stall
 .text.usb_dc_ep_enable
                0x00000000100030f8       0x50 zephyr/drivers/usb/device/libdrivers__usb__device.a(usb_dc_rpi_pico.c.obj)
                0x00000000100030f8                usb_dc_ep_enable
 .text.usb_dc_ep_write
                0x0000000010003148       0xac zephyr/drivers/usb/device/libdrivers__usb__device.a(usb_dc_rpi_pico.c.obj)
                0x0000000010003148                usb_dc_ep_write
 .text.usb_dc_ep_read_wait
                0x00000000100031f4       0x90 zephyr/drivers/usb/device/libdrivers__usb__device.a(usb_dc_rpi_pico.c.obj)
                0x00000000100031f4                usb_dc_ep_read_wait
 .text.usb_dc_ep_read_continue
                0x0000000010003284       0x84 zephyr/drivers/usb/device/libdrivers__usb__device.a(usb_dc_rpi_pico.c.obj)
                0x0000000010003284                usb_dc_ep_read_continue
 .text.adc_rpi_init
                0x0000000010003308       0xa0 zephyr/drivers/adc/libdrivers__adc.a(adc_rpi_pico.c.obj)
 .text.adc_context_start_sampling
                0x00000000100033a8       0x58 zephyr/drivers/adc/libdrivers__adc.a(adc_rpi_pico.c.obj)
 .text.adc_rpi_isr
                0x0000000010003400       0xe4 zephyr/drivers/adc/libdrivers__adc.a(adc_rpi_pico.c.obj)
 .text.clock_control_rpi_pico_on
                0x00000000100034e4       0x40 zephyr/drivers/clock_control/libdrivers__clock_control.a(clock_control_rpi_pico.c.obj)
 .text.clock_control_rpi_pico_off
                0x0000000010003524       0x40 zephyr/drivers/clock_control/libdrivers__clock_control.a(clock_control_rpi_pico.c.obj)
 .text.rpi_pico_rosc_write.constprop.0
                0x0000000010003564       0x30 zephyr/drivers/clock_control/libdrivers__clock_control.a(clock_control_rpi_pico.c.obj)
 .text.rpi_pico_get_clock_src.isra.0
                0x0000000010003594       0x9c zephyr/drivers/clock_control/libdrivers__clock_control.a(clock_control_rpi_pico.c.obj)
 .text.rpi_pico_calc_clock_freq
                0x0000000010003630      0x104 zephyr/drivers/clock_control/libdrivers__clock_control.a(clock_control_rpi_pico.c.obj)
 .text.clock_control_rpi_pico_init
                0x0000000010003734      0x1c8 zephyr/drivers/clock_control/libdrivers__clock_control.a(clock_control_rpi_pico.c.obj)
 .text.gpio_rpi_get_pending_int
                0x00000000100038fc       0x30 zephyr/drivers/gpio/libdrivers__gpio.a(gpio_rpi_pico.c.obj)
 .text.gpio_rpi_isr
                0x000000001000392c       0x84 zephyr/drivers/gpio/libdrivers__gpio.a(gpio_rpi_pico.c.obj)
 .text.gpio_rpi_configure
                0x00000000100039b0       0xbc zephyr/drivers/gpio/libdrivers__gpio.a(gpio_rpi_pico.c.obj)
 .text.pwm_rpi_init
                0x0000000010003a6c       0xc0 zephyr/drivers/pwm/libdrivers__pwm.a(pwm_rpi_pico.c.obj)
 .text.pwm_rpi_set_cycles
                0x0000000010003b2c      0x124 zephyr/drivers/pwm/libdrivers__pwm.a(pwm_rpi_pico.c.obj)
 .text.reset_rpi_status
                0x0000000010003c50       0x18 zephyr/drivers/reset/libdrivers__reset.a(reset_rpi_pico.c.obj)
 .text.reset_rpi_line_assert
                0x0000000010003c68       0x10 zephyr/drivers/reset/libdrivers__reset.a(reset_rpi_pico.c.obj)
 .text.reset_rpi_line_deassert
                0x0000000010003c78       0x1c zephyr/drivers/reset/libdrivers__reset.a(reset_rpi_pico.c.obj)
 .text.reset_rpi_line_toggle
                0x0000000010003c94       0x24 zephyr/drivers/reset/libdrivers__reset.a(reset_rpi_pico.c.obj)
 .text.pl011_poll_in
                0x0000000010003cb8       0x34 zephyr/drivers/serial/libdrivers__serial.a(uart_pl011.c.obj)
 .text.pl011_irq_err_disable
                0x0000000010003cec       0x14 zephyr/drivers/serial/libdrivers__serial.a(uart_pl011.c.obj)
 .text.pl011_runtime_configure_internal
                0x0000000010003d00      0x154 zephyr/drivers/serial/libdrivers__serial.a(uart_pl011.c.obj)
 .text.pl011_init
                0x0000000010003e54      0x120 zephyr/drivers/serial/libdrivers__serial.a(uart_pl011.c.obj)
 .text.elapsed  0x0000000010003f74       0x54 zephyr/drivers/timer/libdrivers__timer.a(cortex_m_systick.c.obj)
 .text.sys_clock_driver_init
                0x0000000010003fc8       0x3c zephyr/drivers/timer/libdrivers__timer.a(cortex_m_systick.c.obj)
 .text.sys_clock_isr
                0x0000000010004004       0x58 zephyr/drivers/timer/libdrivers__timer.a(cortex_m_systick.c.obj)
                0x0000000010004004                sys_clock_isr
 .text.sys_clock_set_timeout
                0x000000001000405c      0x118 zephyr/drivers/timer/libdrivers__timer.a(cortex_m_systick.c.obj)
                0x000000001000405c                sys_clock_set_timeout
 .text.sys_clock_elapsed
                0x0000000010004174       0x38 zephyr/drivers/timer/libdrivers__timer.a(cortex_m_systick.c.obj)
                0x0000000010004174                sys_clock_elapsed
 .text.sys_clock_cycle_get_32
                0x00000000100041ac       0x24 zephyr/drivers/timer/libdrivers__timer.a(cortex_m_systick.c.obj)
                0x00000000100041ac                sys_clock_cycle_get_32
 .text.clock_configure_internal
                0x00000000100041d0       0xbc modules/hal_rpi_pico/libmodules__hal_rpi_pico.a(clocks.c.obj)
 .text.pll_init
                0x000000001000428c       0xcc modules/hal_rpi_pico/libmodules__hal_rpi_pico.a(pll.c.obj)
                0x000000001000428c                pll_init
 .text.xosc_init
                0x0000000010004358       0x28 modules/hal_rpi_pico/libmodules__hal_rpi_pico.a(xosc.c.obj)
                0x0000000010004358                xosc_init
 .text.tick_start
                0x0000000010004380       0x10 modules/hal_rpi_pico/libmodules__hal_rpi_pico.a(ticks.c.obj)
                0x0000000010004380                tick_start
 .text.rp2040_chip_version
                0x0000000010004390       0x28 modules/hal_rpi_pico/libmodules__hal_rpi_pico.a(platform.c.obj)
                0x0000000010004390                rp2040_chip_version
 .text._gpio_set_irq_enabled
                0x00000000100043b8       0x30 modules/hal_rpi_pico/libmodules__hal_rpi_pico.a(gpio.c.obj)
 .text.gpio_set_function
                0x00000000100043e8       0x30 modules/hal_rpi_pico/libmodules__hal_rpi_pico.a(gpio.c.obj)
                0x00000000100043e8                gpio_set_function
 .text.gpio_set_pulls
                0x0000000010004418       0x24 modules/hal_rpi_pico/libmodules__hal_rpi_pico.a(gpio.c.obj)
                0x0000000010004418                gpio_set_pulls
 .text.gpio_set_irqover
                0x000000001000443c       0x24 modules/hal_rpi_pico/libmodules__hal_rpi_pico.a(gpio.c.obj)
                0x000000001000443c                gpio_set_irqover
 .text.gpio_set_inover
                0x0000000010004460       0x24 modules/hal_rpi_pico/libmodules__hal_rpi_pico.a(gpio.c.obj)
                0x0000000010004460                gpio_set_inover
 .text.gpio_set_outover
                0x0000000010004484       0x24 modules/hal_rpi_pico/libmodules__hal_rpi_pico.a(gpio.c.obj)
                0x0000000010004484                gpio_set_outover
 .text.gpio_set_oeover
                0x00000000100044a8       0x24 modules/hal_rpi_pico/libmodules__hal_rpi_pico.a(gpio.c.obj)
                0x00000000100044a8                gpio_set_oeover
 .text.gpio_set_input_hysteresis_enabled
                0x00000000100044cc       0x1c modules/hal_rpi_pico/libmodules__hal_rpi_pico.a(gpio.c.obj)
                0x00000000100044cc                gpio_set_input_hysteresis_enabled
 .text.gpio_set_slew_rate
                0x00000000100044e8       0x20 modules/hal_rpi_pico/libmodules__hal_rpi_pico.a(gpio.c.obj)
                0x00000000100044e8                gpio_set_slew_rate
 .text.gpio_set_drive_strength
                0x0000000010004508       0x20 modules/hal_rpi_pico/libmodules__hal_rpi_pico.a(gpio.c.obj)
                0x0000000010004508                gpio_set_drive_strength
 .text.gpio_set_irq_enabled
                0x0000000010004528       0x20 modules/hal_rpi_pico/libmodules__hal_rpi_pico.a(gpio.c.obj)
                0x0000000010004528                gpio_set_irq_enabled
 .text.gpio_set_input_enabled
                0x0000000010004548       0x1c modules/hal_rpi_pico/libmodules__hal_rpi_pico.a(gpio.c.obj)
                0x0000000010004548                gpio_set_input_enabled
 .text.z_fatal_error
                0x0000000010004564       0x28 zephyr/kernel/libkernel.a(fatal.c.obj)
                0x0000000010004564                z_fatal_error
 .text.z_sys_init_run_level
                0x000000001000458c       0x34 zephyr/kernel/libkernel.a(init.c.obj)
 .text.bg_thread_main
                0x00000000100045c0       0xa8 zephyr/kernel/libkernel.a(init.c.obj)
 .text.z_init_cpu
                0x0000000010004668       0x68 zephyr/kernel/libkernel.a(init.c.obj)
                0x0000000010004668                z_init_cpu
 .text.z_cstart
                0x00000000100046d0       0xac zephyr/kernel/libkernel.a(init.c.obj)
                0x00000000100046d0                z_cstart
 .text.put_msg_in_queue
                0x000000001000477c       0xcc zephyr/kernel/libkernel.a(msg_q.c.obj)
 .text.z_impl_k_msgq_get
                0x0000000010004848       0xb8 zephyr/kernel/libkernel.a(msg_q.c.obj)
                0x0000000010004848                z_impl_k_msgq_get
 .text.z_impl_k_mutex_lock
                0x0000000010004900       0xf0 zephyr/kernel/libkernel.a(mutex.c.obj)
                0x0000000010004900                z_impl_k_mutex_lock
 .text.z_impl_k_mutex_unlock
                0x00000000100049f0       0x98 zephyr/kernel/libkernel.a(mutex.c.obj)
                0x00000000100049f0                z_impl_k_mutex_unlock
 .text.z_impl_k_sem_give
                0x0000000010004a88       0x64 zephyr/kernel/libkernel.a(sem.c.obj)
                0x0000000010004a88                z_impl_k_sem_give
 .text.z_impl_k_sem_take
                0x0000000010004aec       0x4c zephyr/kernel/libkernel.a(sem.c.obj)
                0x0000000010004aec                z_impl_k_sem_take
 .text.work_queue_main
                0x0000000010004b38      0x144 zephyr/kernel/libkernel.a(work.c.obj)
 .text.submit_to_queue_locked
                0x0000000010004c7c       0xd4 zephyr/kernel/libkernel.a(work.c.obj)
 .text.k_work_queue_start
                0x0000000010004d50       0x88 zephyr/kernel/libkernel.a(work.c.obj)
                0x0000000010004d50                k_work_queue_start
 .text.k_work_schedule_for_queue
                0x0000000010004dd8       0x50 zephyr/kernel/libkernel.a(work.c.obj)
                0x0000000010004dd8                k_work_schedule_for_queue
 .text.z_setup_new_thread
                0x0000000010004e28       0x74 zephyr/kernel/libkernel.a(thread.c.obj)
                0x0000000010004e28                z_setup_new_thread
 .text.z_impl_k_thread_create
                0x0000000010004e9c       0x58 zephyr/kernel/libkernel.a(thread.c.obj)
                0x0000000010004e9c                z_impl_k_thread_create
 .text.z_dummy_thread_init
                0x0000000010004ef4       0x14 zephyr/kernel/libkernel.a(thread.c.obj)
                0x0000000010004ef4                z_dummy_thread_init
 .text.z_swap_irqlock
                0x0000000010004f08       0x2c zephyr/kernel/libkernel.a(sched.c.obj)
 .text.ready_thread
                0x0000000010004f34       0x8c zephyr/kernel/libkernel.a(sched.c.obj)
 .text.unready_thread
                0x0000000010004fc0       0x58 zephyr/kernel/libkernel.a(sched.c.obj)
 .text.add_thread_timeout
                0x0000000010005018       0x18 zephyr/kernel/libkernel.a(sched.c.obj)
 .text.move_current_to_end_of_prio_q
                0x0000000010005030       0x78 zephyr/kernel/libkernel.a(sched.c.obj)
                0x0000000010005030                move_current_to_end_of_prio_q
 .text.z_pend_curr
                0x00000000100050a8       0x38 zephyr/kernel/libkernel.a(sched.c.obj)
                0x00000000100050a8                z_pend_curr
 .text.z_thread_prio_set
                0x00000000100050e0       0xe8 zephyr/kernel/libkernel.a(sched.c.obj)
                0x00000000100050e0                z_thread_prio_set
 .text.z_reschedule
                0x00000000100051c8       0x2c zephyr/kernel/libkernel.a(sched.c.obj)
                0x00000000100051c8                z_reschedule
 .text.z_reschedule_irqlock
                0x00000000100051f4       0x2c zephyr/kernel/libkernel.a(sched.c.obj)
                0x00000000100051f4                z_reschedule_irqlock
 .text.k_sched_lock
                0x0000000010005220       0x20 zephyr/kernel/libkernel.a(sched.c.obj)
                0x0000000010005220                k_sched_lock
 .text.k_sched_unlock
                0x0000000010005240       0x60 zephyr/kernel/libkernel.a(sched.c.obj)
                0x0000000010005240                k_sched_unlock
 .text.z_sched_init
                0x00000000100052a0       0x14 zephyr/kernel/libkernel.a(sched.c.obj)
                0x00000000100052a0                z_sched_init
 .text.z_impl_k_yield
                0x00000000100052b4       0x84 zephyr/kernel/libkernel.a(sched.c.obj)
                0x00000000100052b4                z_impl_k_yield
 .text.z_tick_sleep
                0x0000000010005338       0x74 zephyr/kernel/libkernel.a(sched.c.obj)
 .text.z_impl_k_sleep
                0x00000000100053ac       0x40 zephyr/kernel/libkernel.a(sched.c.obj)
                0x00000000100053ac                z_impl_k_sleep
 .text.z_impl_k_wakeup
                0x00000000100053ec       0x40 zephyr/kernel/libkernel.a(sched.c.obj)
                0x00000000100053ec                z_impl_k_wakeup
 .text.z_impl_k_sched_current_thread_query
                0x000000001000542c        0xc zephyr/kernel/libkernel.a(sched.c.obj)
                0x000000001000542c                z_impl_k_sched_current_thread_query
 .text.z_thread_abort
                0x0000000010005438      0x12c zephyr/kernel/libkernel.a(sched.c.obj)
                0x0000000010005438                z_thread_abort
 .text.z_sched_wait
                0x0000000010005564       0x24 zephyr/kernel/libkernel.a(sched.c.obj)
                0x0000000010005564                z_sched_wait
 .text.z_time_slice_size
                0x0000000010005588       0x48 zephyr/kernel/libkernel.a(timeslicing.c.obj)
 .text.slice_timeout
                0x00000000100055d0       0x20 zephyr/kernel/libkernel.a(timeslicing.c.obj)
 .text.z_reset_time_slice
                0x00000000100055f0       0x44 zephyr/kernel/libkernel.a(timeslicing.c.obj)
                0x00000000100055f0                z_reset_time_slice
 .text.z_time_slice
                0x0000000010005634       0x58 zephyr/kernel/libkernel.a(timeslicing.c.obj)
                0x0000000010005634                z_time_slice
 .text.first    0x000000001000568c       0x10 zephyr/kernel/libkernel.a(timeout.c.obj)
 .text.next_timeout
                0x000000001000569c       0x38 zephyr/kernel/libkernel.a(timeout.c.obj)
 .text.elapsed  0x00000000100056d4       0x18 zephyr/kernel/libkernel.a(timeout.c.obj)
 .text.remove_timeout
                0x00000000100056ec       0x38 zephyr/kernel/libkernel.a(timeout.c.obj)
 .text.z_add_timeout
                0x0000000010005724      0x120 zephyr/kernel/libkernel.a(timeout.c.obj)
                0x0000000010005724                z_add_timeout
 .text.sys_clock_announce
                0x0000000010005844       0xd4 zephyr/kernel/libkernel.a(timeout.c.obj)
                0x0000000010005844                sys_clock_announce
 .text.sys_clock_tick_get
                0x0000000010005918       0x2c zephyr/kernel/libkernel.a(timeout.c.obj)
                0x0000000010005918                sys_clock_tick_get
 .text.z_timer_expiration_handler
                0x0000000010005944      0x108 zephyr/kernel/libkernel.a(timer.c.obj)
                0x0000000010005944                z_timer_expiration_handler
 .text.z_impl_k_timer_start
                0x0000000010005a4c       0x68 zephyr/kernel/libkernel.a(timer.c.obj)
                0x0000000010005a4c                z_impl_k_timer_start
 .text.boot_banner
                0x0000000010005ab4       0x10 zephyr/kernel/libkernel.a(banner.c.obj)
                0x0000000010005ab4                boot_banner
 .text.statics_init
                0x0000000010005ac4       0x24 zephyr/kernel/libkernel.a(kheap.c.obj)
 .text.k_sys_work_q_init
                0x0000000010005ae8       0x28 zephyr/kernel/libkernel.a(system_work_q.c.obj)
 .text.__l_vfprintf
                0x0000000010005b10      0x4d0 /home/wojtess/zephyr-sdk-0.17.4/arm-zephyr-eabi/bin/../lib/gcc/../../picolibc/arm-zephyr-eabi/lib/thumb/v6-m/nofp/libc.a(libc_tinystdio_vflprintf.c.o)
                0x0000000010005b10                __l_vfprintf
 .text._OffsetAbsSyms
                0x0000000010005fe0        0x2 zephyr/CMakeFiles/offsets.dir/./arch/arm/core/offsets/offsets.c.obj
                0x0000000010005fe0                _OffsetAbsSyms
 .text.ringbuf_init
                0x0000000010005fe2       0x2a app/libapp.a(ringbuf.c.obj)
                0x0000000010005fe2                ringbuf_init
 .text.ringbuf_put
                0x000000001000600c       0x54 app/libapp.a(ringbuf.c.obj)
                0x000000001000600c                ringbuf_put
 .text.ringbuf_get
                0x0000000010006060       0x50 app/libapp.a(ringbuf.c.obj)
                0x0000000010006060                ringbuf_get
 .text.ringbuf_wait_data
                0x00000000100060b0       0x2e app/libapp.a(ringbuf.c.obj)
                0x00000000100060b0                ringbuf_wait_data
 .text.proto_crc8
                0x00000000100060de       0x32 app/libapp.a(protocol.c.obj)
                0x00000000100060de                proto_crc8
 .text.proto_init
                0x0000000010006110       0x1a app/libapp.a(protocol.c.obj)
                0x0000000010006110                proto_init
 .text.gpio_pin_set.isra.0
                0x000000001000612a       0x26 app/libapp.a(led_pwm.c.obj)
 .text.led_pwm_init
                0x0000000010006150       0x90 app/libapp.a(led_pwm.c.obj)
                0x0000000010006150                led_pwm_init
 .text.led_pwm_set_led
                0x00000000100061e0       0x20 app/libapp.a(led_pwm.c.obj)
                0x00000000100061e0                led_pwm_set_led
 .text.led_pwm_set_duty
                0x0000000010006200       0x40 app/libapp.a(led_pwm.c.obj)
                0x0000000010006200                led_pwm_set_duty
 .text.adc_ctrl_init
                0x0000000010006240       0x28 app/libapp.a(adc_ctrl.c.obj)
                0x0000000010006240                adc_ctrl_init
 .text.tx_buffer_init
                0x0000000010006268       0x2a app/libapp.a(tx_buffer.c.obj)
                0x0000000010006268                tx_buffer_init
 .text.tx_buffer_put
                0x0000000010006292       0x88 app/libapp.a(tx_buffer.c.obj)
                0x0000000010006292                tx_buffer_put
 .text.tx_buffer_get
                0x000000001000631a       0x6c app/libapp.a(tx_buffer.c.obj)
                0x000000001000631a                tx_buffer_get
 .text.tx_buffer_wait_data
                0x0000000010006386       0x2e app/libapp.a(tx_buffer.c.obj)
                0x0000000010006386                tx_buffer_wait_data
 .text.adc_stream_timer_callback
                0x00000000100063b4       0x36 app/libapp.a(adc_stream.c.obj)
 .text.chunk_field
                0x00000000100063ea       0x1a zephyr/libzephyr.a(heap.c.obj)
 .text.chunk_set
                0x0000000010006404       0x1c zephyr/libzephyr.a(heap.c.obj)
 .text.chunk_size
                0x0000000010006420        0xc zephyr/libzephyr.a(heap.c.obj)
 .text.set_chunk_used
                0x000000001000642c       0x36 zephyr/libzephyr.a(heap.c.obj)
 .text.set_chunk_size
                0x0000000010006462        0xc zephyr/libzephyr.a(heap.c.obj)
 .text.bucket_idx
                0x000000001000646e       0x22 zephyr/libzephyr.a(heap.c.obj)
 .text.free_list_add
                0x0000000010006490       0x88 zephyr/libzephyr.a(heap.c.obj)
 .text.sys_heap_init
                0x0000000010006518       0xac zephyr/libzephyr.a(heap.c.obj)
                0x0000000010006518                sys_heap_init
 .text.arch_printk_char_out
                0x00000000100065c4        0x4 zephyr/libzephyr.a(printk.c.obj)
                0x00000000100065c4                arch_printk_char_out
 .text.printk   0x00000000100065c8       0x16 zephyr/libzephyr.a(printk.c.obj)
                0x00000000100065c8                printk
 .text.ring_buf_area_claim
                0x00000000100065de       0x30 zephyr/libzephyr.a(ring_buffer.c.obj)
                0x00000000100065de                ring_buf_area_claim
 .text.ring_buf_put_claim
                0x000000001000660e       0x20 zephyr/libzephyr.a(ring_buffer.c.obj)
 .text.ring_buf_get_claim
                0x000000001000662e       0x1e zephyr/libzephyr.a(ring_buffer.c.obj)
 .text.ring_buf_area_finish
                0x000000001000664c       0x32 zephyr/libzephyr.a(ring_buffer.c.obj)
                0x000000001000664c                ring_buf_area_finish
 .text.ring_buf_put
                0x000000001000667e       0x40 zephyr/libzephyr.a(ring_buffer.c.obj)
                0x000000001000667e                ring_buf_put
 .text.ring_buf_get
                0x00000000100066be       0x42 zephyr/libzephyr.a(ring_buffer.c.obj)
                0x00000000100066be                ring_buf_get
 .text._ConfigAbsSyms
                0x0000000010006700        0x2 zephyr/libzephyr.a(configs.c.obj)
                0x0000000010006700                _ConfigAbsSyms
 .text.get_ep_bm_from_addr
                0x0000000010006702       0x22 zephyr/libzephyr.a(usb_device.c.obj)
 .text.usb_write
                0x0000000010006724       0x2e zephyr/libzephyr.a(usb_device.c.obj)
                0x0000000010006724                usb_write
 .text.usb_device_init
                0x0000000010006752        0xa zephyr/libzephyr.a(usb_device.c.obj)
 .text.usb_get_dev_data_by_cfg
                0x000000001000675c       0x16 zephyr/libzephyr.a(usb_descriptor.c.obj)
                0x000000001000675c                usb_get_dev_data_by_cfg
 .text.usb_get_dev_data_by_iface
                0x0000000010006772       0x1a zephyr/libzephyr.a(usb_descriptor.c.obj)
                0x0000000010006772                usb_get_dev_data_by_iface
 .text.usb_get_dev_data_by_ep
                0x000000001000678c       0x2a zephyr/libzephyr.a(usb_descriptor.c.obj)
                0x000000001000678c                usb_get_dev_data_by_ep
 .text.usb_transfer_is_busy
                0x00000000100067b6       0x16 zephyr/libzephyr.a(usb_transfer.c.obj)
                0x00000000100067b6                usb_transfer_is_busy
 .text.cdc_interface_config
                0x00000000100067cc       0x1a zephyr/libzephyr.a(cdc_acm.c.obj)
 .text.cdc_acm_irq_callback_work_handler
                0x00000000100067e6       0x12 zephyr/libzephyr.a(cdc_acm.c.obj)
 .text.cdc_acm_irq_tx_disable
                0x00000000100067f8        0xa zephyr/libzephyr.a(cdc_acm.c.obj)
 .text.cdc_acm_irq_tx_ready
                0x0000000010006802       0x2a zephyr/libzephyr.a(cdc_acm.c.obj)
 .text.cdc_acm_irq_rx_disable
                0x000000001000682c        0xa zephyr/libzephyr.a(cdc_acm.c.obj)
 .text.cdc_acm_irq_rx_ready
                0x0000000010006836       0x14 zephyr/libzephyr.a(cdc_acm.c.obj)
 .text.cdc_acm_irq_is_pending
                0x000000001000684a       0x1c zephyr/libzephyr.a(cdc_acm.c.obj)
 .text.cdc_acm_irq_callback_set
                0x0000000010006866        0x6 zephyr/libzephyr.a(cdc_acm.c.obj)
 .text.cdc_acm_line_ctrl_get
                0x000000001000686c       0x32 zephyr/libzephyr.a(cdc_acm.c.obj)
 .text.cdc_acm_configure
                0x000000001000689e       0x1a zephyr/libzephyr.a(cdc_acm.c.obj)
 .text.cdc_acm_config_get
                0x00000000100068b8       0x56 zephyr/libzephyr.a(cdc_acm.c.obj)
 .text.cdc_acm_line_ctrl_set
                0x000000001000690e       0x82 zephyr/libzephyr.a(cdc_acm.c.obj)
 .text.cdc_acm_fifo_read
                0x0000000010006990       0x4e zephyr/libzephyr.a(cdc_acm.c.obj)
 .text.cdc_acm_poll_in
                0x00000000100069de       0x12 zephyr/libzephyr.a(cdc_acm.c.obj)
 .text.cdc_acm_irq_update
                0x00000000100069f0       0x36 zephyr/libzephyr.a(cdc_acm.c.obj)
 .text.arch_early_memset
                0x0000000010006a26        0x8 zephyr/arch/common/libarch__common.a(init.c.obj)
                0x0000000010006a26                arch_early_memset
 .text.arch_early_memcpy
                0x0000000010006a2e        0x8 zephyr/arch/common/libarch__common.a(init.c.obj)
                0x0000000010006a2e                arch_early_memcpy
 .text.z_do_kernel_oops
                0x0000000010006a36        0xc zephyr/arch/arch/arm/core/libarch__arm__core.a(fatal.c.obj)
                0x0000000010006a36                z_do_kernel_oops
 .text.z_arm_nmi
                0x0000000010006a42        0xc zephyr/arch/arch/arm/core/libarch__arm__core.a(nmi.c.obj)
                0x0000000010006a42                z_arm_nmi
 .text.z_irq_spurious
                0x0000000010006a4e        0xc zephyr/arch/arch/arm/core/cortex_m/libarch__arm__core__cortex_m.a(irq_manage.c.obj)
                0x0000000010006a4e                z_irq_spurious
 .text.z_prep_c
                0x0000000010006a5a       0x16 zephyr/arch/arch/arm/core/cortex_m/libarch__arm__core__cortex_m.a(prep_c.c.obj)
                0x0000000010006a5a                z_prep_c
 .text.arch_coprocessors_disable
                0x0000000010006a70        0x6 zephyr/arch/arch/arm/core/cortex_m/libarch__arm__core__cortex_m.a(thread.c.obj)
                0x0000000010006a70                arch_coprocessors_disable
 .text.arch_irq_unlock_outlined
                0x0000000010006a76        0xc zephyr/arch/arch/arm/core/cortex_m/libarch__arm__core__cortex_m.a(thread.c.obj)
                0x0000000010006a76                arch_irq_unlock_outlined
 .text.arch_cpu_idle
                0x0000000010006a82        0xe zephyr/arch/arch/arm/core/cortex_m/libarch__arm__core__cortex_m.a(cpu_idle.c.obj)
                0x0000000010006a82                arch_cpu_idle
 .text.__assert_no_args
                0x0000000010006a90        0x6 zephyr/lib/libc/picolibc/liblib__libc__picolibc.a(assert.c.obj)
                0x0000000010006a90                __assert_no_args
 .text.udc_rpi_start_xfer
                0x0000000010006a96       0x6c zephyr/drivers/usb/device/libdrivers__usb__device.a(usb_dc_rpi_pico.c.obj)
 .text.usb_dc_ep_set_callback
                0x0000000010006b02       0x18 zephyr/drivers/usb/device/libdrivers__usb__device.a(usb_dc_rpi_pico.c.obj)
                0x0000000010006b02                usb_dc_ep_set_callback
 .text.usb_dc_ep_start_read
                0x0000000010006b1a       0x1e zephyr/drivers/usb/device/libdrivers__usb__device.a(usb_dc_rpi_pico.c.obj)
                0x0000000010006b1a                usb_dc_ep_start_read
 .text.usb_dc_ep_check_cap
                0x0000000010006b38       0x1e zephyr/drivers/usb/device/libdrivers__usb__device.a(usb_dc_rpi_pico.c.obj)
                0x0000000010006b38                usb_dc_ep_check_cap
 .text.usb_dc_ep_configure
                0x0000000010006b56       0x20 zephyr/drivers/usb/device/libdrivers__usb__device.a(usb_dc_rpi_pico.c.obj)
                0x0000000010006b56                usb_dc_ep_configure
 .text.usb_dc_ep_clear_stall
                0x0000000010006b76       0x2a zephyr/drivers/usb/device/libdrivers__usb__device.a(usb_dc_rpi_pico.c.obj)
                0x0000000010006b76                usb_dc_ep_clear_stall
 .text.usb_dc_ep_is_stalled
                0x0000000010006ba0       0x1e zephyr/drivers/usb/device/libdrivers__usb__device.a(usb_dc_rpi_pico.c.obj)
                0x0000000010006ba0                usb_dc_ep_is_stalled
 .text.usb_dc_ep_disable
                0x0000000010006bbe       0x2a zephyr/drivers/usb/device/libdrivers__usb__device.a(usb_dc_rpi_pico.c.obj)
                0x0000000010006bbe                usb_dc_ep_disable
 .text.udc_rpi_get_ep_buffer_len
                0x0000000010006be8       0x10 zephyr/drivers/usb/device/libdrivers__usb__device.a(usb_dc_rpi_pico.c.obj)
                0x0000000010006be8                udc_rpi_get_ep_buffer_len
 .text.usb_dc_ep_read
                0x0000000010006bf8       0x26 zephyr/drivers/usb/device/libdrivers__usb__device.a(usb_dc_rpi_pico.c.obj)
                0x0000000010006bf8                usb_dc_ep_read
 .text.usb_dc_ep_mps
                0x0000000010006c1e       0x14 zephyr/drivers/usb/device/libdrivers__usb__device.a(usb_dc_rpi_pico.c.obj)
                0x0000000010006c1e                usb_dc_ep_mps
 .text.adc_rpi_channel_setup
                0x0000000010006c32       0x2e zephyr/drivers/adc/libdrivers__adc.a(adc_rpi_pico.c.obj)
 .text.adc_rpi_configure_func_0
                0x0000000010006c60       0x14 zephyr/drivers/adc/libdrivers__adc.a(adc_rpi_pico.c.obj)
 .text.adc_context_on_timer_expired
                0x0000000010006c74       0x22 zephyr/drivers/adc/libdrivers__adc.a(adc_rpi_pico.c.obj)
 .text.adc_rpi_read
                0x0000000010006c96       0xfe zephyr/drivers/adc/libdrivers__adc.a(adc_rpi_pico.c.obj)
 .text.rpi_pico_is_clock_enabled.isra.0
                0x0000000010006d94       0x5e zephyr/drivers/clock_control/libdrivers__clock_control.a(clock_control_rpi_pico.c.obj)
 .text.clock_control_rpi_pico_get_status
                0x0000000010006df2       0x18 zephyr/drivers/clock_control/libdrivers__clock_control.a(clock_control_rpi_pico.c.obj)
 .text.clock_control_rpi_pico_get_rate
                0x0000000010006e0a       0x1e zephyr/drivers/clock_control/libdrivers__clock_control.a(clock_control_rpi_pico.c.obj)
 .text.rpi_pico_clkid_tuple_reorder_by_dependencies
                0x0000000010006e28       0x66 zephyr/drivers/clock_control/libdrivers__clock_control.a(clock_control_rpi_pico.c.obj)
                0x0000000010006e28                rpi_pico_clkid_tuple_reorder_by_dependencies
 .text.gpio_rpi_port_get_raw
                0x0000000010006e8e        0xc zephyr/drivers/gpio/libdrivers__gpio.a(gpio_rpi_pico.c.obj)
 .text.gpio_rpi_port_set_bits_raw
                0x0000000010006e9a       0x2c zephyr/drivers/gpio/libdrivers__gpio.a(gpio_rpi_pico.c.obj)
 .text.gpio_rpi_port_clear_bits_raw
                0x0000000010006ec6       0x2c zephyr/drivers/gpio/libdrivers__gpio.a(gpio_rpi_pico.c.obj)
 .text.gpio_rpi_port_toggle_bits
                0x0000000010006ef2       0x18 zephyr/drivers/gpio/libdrivers__gpio.a(gpio_rpi_pico.c.obj)
 .text.gpio_rpi_manage_callback
                0x0000000010006f0a       0x58 zephyr/drivers/gpio/libdrivers__gpio.a(gpio_rpi_pico.c.obj)
 .text.gpio_rpi_bank_init
                0x0000000010006f62       0x10 zephyr/drivers/gpio/libdrivers__gpio.a(gpio_rpi_pico.c.obj)
 .text.gpio_rpi_pin_interrupt_configure
                0x0000000010006f72       0x46 zephyr/drivers/gpio/libdrivers__gpio.a(gpio_rpi_pico.c.obj)
 .text.bank_0_config_func
                0x0000000010006fb8       0x14 zephyr/drivers/gpio/libdrivers__gpio.a(gpio_rpi_pico.c.obj)
 .text.gpio_rpi_port_set_masked_raw
                0x0000000010006fcc       0x3c zephyr/drivers/gpio/libdrivers__gpio.a(gpio_rpi_pico.c.obj)
 .text.z_impl_hwinfo_get_device_id
                0x0000000010007008       0x30 zephyr/drivers/hwinfo/libdrivers__hwinfo.a(hwinfo_rpi_pico.c.obj)
                0x0000000010007008                z_impl_hwinfo_get_device_id
 .text.pinctrl_lookup_state
                0x0000000010007038       0x26 zephyr/drivers/pinctrl/libdrivers__pinctrl.a(common.c.obj)
                0x0000000010007038                pinctrl_lookup_state
 .text.pinctrl_configure_pins
                0x000000001000705e       0xc0 zephyr/drivers/pinctrl/libdrivers__pinctrl.a(pinctrl_rpi_pico.c.obj)
                0x000000001000705e                pinctrl_configure_pins
 .text.pwm_rpi_get_cycles_per_sec
                0x000000001000711e       0x64 zephyr/drivers/pwm/libdrivers__pwm.a(pwm_rpi_pico.c.obj)
 .text.pwr_on_raspberrypi_pico_uart
                0x0000000010007182        0x4 zephyr/drivers/serial/libdrivers__serial.a(uart_pl011.c.obj)
 .text.clk_enable_raspberrypi_pico_uart
                0x0000000010007186        0x4 zephyr/drivers/serial/libdrivers__serial.a(uart_pl011.c.obj)
 .text.pl011_poll_out
                0x000000001000718a       0x10 zephyr/drivers/serial/libdrivers__serial.a(uart_pl011.c.obj)
 .text.pl011_err_check
                0x000000001000719a       0x24 zephyr/drivers/serial/libdrivers__serial.a(uart_pl011.c.obj)
 .text.pl011_runtime_config_get
                0x00000000100071be        0xc zephyr/drivers/serial/libdrivers__serial.a(uart_pl011.c.obj)
 .text.pl011_fifo_fill
                0x00000000100071ca       0x20 zephyr/drivers/serial/libdrivers__serial.a(uart_pl011.c.obj)
 .text.pl011_fifo_read
                0x00000000100071ea       0x20 zephyr/drivers/serial/libdrivers__serial.a(uart_pl011.c.obj)
 .text.pl011_irq_tx_enable
                0x000000001000720a       0x46 zephyr/drivers/serial/libdrivers__serial.a(uart_pl011.c.obj)
 .text.pl011_irq_tx_disable
                0x0000000010007250       0x14 zephyr/drivers/serial/libdrivers__serial.a(uart_pl011.c.obj)
 .text.pl011_irq_tx_complete
                0x0000000010007264        0xe zephyr/drivers/serial/libdrivers__serial.a(uart_pl011.c.obj)
 .text.pl011_irq_tx_ready
                0x0000000010007272       0x34 zephyr/drivers/serial/libdrivers__serial.a(uart_pl011.c.obj)
 .text.pl011_irq_rx_enable
                0x00000000100072a6        0xe zephyr/drivers/serial/libdrivers__serial.a(uart_pl011.c.obj)
 .text.pl011_irq_rx_disable
                0x00000000100072b4        0xe zephyr/drivers/serial/libdrivers__serial.a(uart_pl011.c.obj)
 .text.pl011_irq_rx_ready
                0x00000000100072c2       0x2c zephyr/drivers/serial/libdrivers__serial.a(uart_pl011.c.obj)
 .text.pl011_irq_err_enable
                0x00000000100072ee       0x10 zephyr/drivers/serial/libdrivers__serial.a(uart_pl011.c.obj)
 .text.pl011_irq_is_pending
                0x00000000100072fe       0x1c zephyr/drivers/serial/libdrivers__serial.a(uart_pl011.c.obj)
 .text.pl011_irq_update
                0x000000001000731a        0x4 zephyr/drivers/serial/libdrivers__serial.a(uart_pl011.c.obj)
 .text.pl011_irq_callback_set
                0x000000001000731e        0x8 zephyr/drivers/serial/libdrivers__serial.a(uart_pl011.c.obj)
 .text.pl011_isr
                0x0000000010007326       0x22 zephyr/drivers/serial/libdrivers__serial.a(uart_pl011.c.obj)
                0x0000000010007326                pl011_isr
 .text.pl011_irq_config_func_0
                0x0000000010007348       0x14 zephyr/drivers/serial/libdrivers__serial.a(uart_pl011.c.obj)
 .text.pl011_runtime_configure
                0x000000001000735c        0xa zephyr/drivers/serial/libdrivers__serial.a(uart_pl011.c.obj)
 .text.clock_configure
                0x0000000010007366       0x5c modules/hal_rpi_pico/libmodules__hal_rpi_pico.a(clocks.c.obj)
                0x0000000010007366                clock_configure
 .text.gpio_init
                0x00000000100073c2       0x16 modules/hal_rpi_pico/libmodules__hal_rpi_pico.a(gpio.c.obj)
                0x00000000100073c2                gpio_init
 .text.flash_get_unique_id
                0x00000000100073d8       0x42 modules/hal_rpi_pico/libmodules__hal_rpi_pico.a(flash.c.obj)
                0x00000000100073d8                flash_get_unique_id
 .text.z_impl_k_busy_wait
                0x000000001000741a       0x1c zephyr/kernel/libkernel.a(busy_wait.c.obj)
                0x000000001000741a                z_impl_k_busy_wait
 .text.do_device_init
                0x0000000010007436       0x32 zephyr/kernel/libkernel.a(device.c.obj)
                0x0000000010007436                do_device_init
 .text.z_impl_device_is_ready
                0x0000000010007468       0x1a zephyr/kernel/libkernel.a(device.c.obj)
                0x0000000010007468                z_impl_device_is_ready
 .text.arch_system_halt
                0x0000000010007482        0x8 zephyr/kernel/libkernel.a(fatal.c.obj)
                0x0000000010007482                arch_system_halt
 .text.k_sys_fatal_error_handler
                0x000000001000748a        0x6 zephyr/kernel/libkernel.a(fatal.c.obj)
                0x000000001000748a                k_sys_fatal_error_handler
 .text.idle     0x0000000010007490        0xe zephyr/kernel/libkernel.a(idle.c.obj)
                0x0000000010007490                idle
 .text.unpend_thread_no_timeout
                0x000000001000749e       0x1a zephyr/kernel/libkernel.a(msg_q.c.obj)
 .text.z_impl_k_msgq_put
                0x00000000100074b8        0xc zephyr/kernel/libkernel.a(msg_q.c.obj)
                0x00000000100074b8                z_impl_k_msgq_put
 .text.adjust_owner_prio.isra.0
                0x00000000100074c4       0x16 zephyr/kernel/libkernel.a(mutex.c.obj)
 .text.z_impl_k_sem_init
                0x00000000100074da       0x1a zephyr/kernel/libkernel.a(sem.c.obj)
                0x00000000100074da                z_impl_k_sem_init
 .text.flag_test_and_clear
                0x00000000100074f4       0x18 zephyr/kernel/libkernel.a(work.c.obj)
 .text.notify_queue_locked.isra.0
                0x000000001000750c       0x12 zephyr/kernel/libkernel.a(work.c.obj)
 .text.work_timeout
                0x000000001000751e       0x34 zephyr/kernel/libkernel.a(work.c.obj)
 .text.k_work_init
                0x0000000010007552       0x12 zephyr/kernel/libkernel.a(work.c.obj)
                0x0000000010007552                k_work_init
 .text.z_work_submit_to_queue
                0x0000000010007564       0x1e zephyr/kernel/libkernel.a(work.c.obj)
                0x0000000010007564                z_work_submit_to_queue
 .text.k_work_submit_to_queue
                0x0000000010007582       0x18 zephyr/kernel/libkernel.a(work.c.obj)
                0x0000000010007582                k_work_submit_to_queue
 .text.k_work_init_delayable
                0x000000001000759a       0x18 zephyr/kernel/libkernel.a(work.c.obj)
                0x000000001000759a                k_work_init_delayable
 .text.k_is_in_isr
                0x00000000100075b2        0xc zephyr/kernel/libkernel.a(thread.c.obj)
                0x00000000100075b2                k_is_in_isr
 .text.z_impl_k_thread_name_set
                0x00000000100075be        0x6 zephyr/kernel/libkernel.a(thread.c.obj)
                0x00000000100075be                z_impl_k_thread_name_set
 .text.sys_dlist_remove
                0x00000000100075c4       0x10 zephyr/kernel/libkernel.a(sched.c.obj)
 .text.unpend_thread_no_timeout
                0x00000000100075d4       0x16 zephyr/kernel/libkernel.a(sched.c.obj)
 .text.add_to_waitq_locked
                0x00000000100075ea       0x52 zephyr/kernel/libkernel.a(sched.c.obj)
 .text.z_ready_thread
                0x000000001000763c       0x18 zephyr/kernel/libkernel.a(sched.c.obj)
                0x000000001000763c                z_ready_thread
 .text.z_unpend_thread_no_timeout
                0x0000000010007654       0x1e zephyr/kernel/libkernel.a(sched.c.obj)
                0x0000000010007654                z_unpend_thread_no_timeout
 .text.z_sched_wake_thread
                0x0000000010007672       0x36 zephyr/kernel/libkernel.a(sched.c.obj)
                0x0000000010007672                z_sched_wake_thread
 .text.z_thread_timeout
                0x00000000100076a8        0xc zephyr/kernel/libkernel.a(sched.c.obj)
                0x00000000100076a8                z_thread_timeout
 .text.z_unpend1_no_timeout
                0x00000000100076b4       0x2a zephyr/kernel/libkernel.a(sched.c.obj)
                0x00000000100076b4                z_unpend1_no_timeout
 .text.z_impl_k_usleep
                0x00000000100076de       0x22 zephyr/kernel/libkernel.a(sched.c.obj)
                0x00000000100076de                z_impl_k_usleep
 .text.z_sched_wake
                0x0000000010007700       0x3c zephyr/kernel/libkernel.a(sched.c.obj)
                0x0000000010007700                z_sched_wake
 .text.z_abort_timeout
                0x000000001000773c       0x4c zephyr/kernel/libkernel.a(timeout.c.obj)
                0x000000001000773c                z_abort_timeout
 .text.sys_clock_tick_get_32
                0x0000000010007788        0x8 zephyr/kernel/libkernel.a(timeout.c.obj)
                0x0000000010007788                sys_clock_tick_get_32
 .text.z_impl_k_uptime_ticks
                0x0000000010007790        0x8 zephyr/kernel/libkernel.a(timeout.c.obj)
                0x0000000010007790                z_impl_k_uptime_ticks
 .text.k_timer_init
                0x0000000010007798       0x18 zephyr/kernel/libkernel.a(timer.c.obj)
                0x0000000010007798                k_timer_init
 .text.z_impl_k_timer_stop
                0x00000000100077b0       0x32 zephyr/kernel/libkernel.a(timer.c.obj)
                0x00000000100077b0                z_impl_k_timer_stop
 .text.z_impl_atomic_cas
                0x00000000100077e2       0x26 zephyr/kernel/libkernel.a(atomic_c.c.obj)
                0x00000000100077e2                z_impl_atomic_cas
 .text.z_impl_atomic_add
                0x0000000010007808       0x1a zephyr/kernel/libkernel.a(atomic_c.c.obj)
                0x0000000010007808                z_impl_atomic_add
 .text.z_impl_atomic_sub
                0x0000000010007822       0x1a zephyr/kernel/libkernel.a(atomic_c.c.obj)
                0x0000000010007822                z_impl_atomic_sub
 .text.z_impl_atomic_set
                0x000000001000783c       0x18 zephyr/kernel/libkernel.a(atomic_c.c.obj)
                0x000000001000783c                z_impl_atomic_set
 .text.k_heap_init
                0x0000000010007854       0x10 zephyr/kernel/libkernel.a(kheap.c.obj)
                0x0000000010007854                k_heap_init
 .text.memcpy   0x0000000010007864       0x12 /home/wojtess/zephyr-sdk-0.17.4/arm-zephyr-eabi/bin/../lib/gcc/../../picolibc/arm-zephyr-eabi/lib/thumb/v6-m/nofp/libc.a(memcpy.c.o)
                0x0000000010007864                memcpy
                0x0000000010007864                __aeabi_memcpy
                0x0000000010007864                __aeabi_memcpy4
                0x0000000010007864                __aeabi_memcpy8
 .text.memset   0x0000000010007876       0x10 /home/wojtess/zephyr-sdk-0.17.4/arm-zephyr-eabi/bin/../lib/gcc/../../picolibc/arm-zephyr-eabi/lib/thumb/v6-m/nofp/libc.a(memset.c.o)
                0x0000000010007876                memset
 .text.strnlen  0x0000000010007886       0x16 /home/wojtess/zephyr-sdk-0.17.4/arm-zephyr-eabi/bin/../lib/gcc/../../picolibc/arm-zephyr-eabi/lib/thumb/v6-m/nofp/libc.a(libc_string_strnlen.c.o)
                0x0000000010007886                strnlen
 .text.__ultoa_invert
                0x000000001000789c      0x10e /home/wojtess/zephyr-sdk-0.17.4/arm-zephyr-eabi/bin/../lib/gcc/../../picolibc/arm-zephyr-eabi/lib/thumb/v6-m/nofp/libc.a(libc_tinystdio_vflprintf.c.o)
 *fill*         0x00000000100079aa        0x6 
 .text.__ultoa_invert.__stub
                0x00000000100079b0       0x10 linker stubs
 *(SORT_BY_ALIGNMENT(.gnu.linkonce.t.*))
 *(SORT_BY_ALIGNMENT(.glue_7t))
 .glue_7t       0x00000000100079c0        0x0 linker stubs
 *(SORT_BY_ALIGNMENT(.glue_7))
 .glue_7        0x00000000100079c0        0x0 linker stubs
 *(SORT_BY_ALIGNMENT(.vfp11_veneer))
 .vfp11_veneer  0x00000000100079c0        0x0 linker stubs
 *(SORT_BY_ALIGNMENT(.v4_bx))
 .v4_bx         0x00000000100079c0        0x0 linker stubs
                0x00000000100079c0                . = ALIGN (0x4)
 *fill*         0x00000000100079c0        0x0 
                0x00000000100079c0                __text_region_end = .

.ARM.exidx      0x00000000100079c0        0x8
                0x00000000100079c0                __exidx_start = .
 *(SORT_BY_ALIGNMENT(.ARM.exidx*) SORT_BY_ALIGNMENT(gnu.linkonce.armexidx.*))
 .ARM.exidx     0x00000000100079c0        0x8 /home/wojtess/zephyr-sdk-0.17.4/arm-zephyr-eabi/bin/../lib/gcc/arm-zephyr-eabi/12.2.0/thumb/v6-m/nofp/libgcc.a(_udivmoddi4.o)
                0x00000000100079c8                __exidx_end = .
                0x00000000100079c8                __rodata_region_start = .

initlevel       0x00000000100079c8       0x70
                0x00000000100079c8                __init_start = .
                0x00000000100079c8                __init_EARLY_start = .
 *(SORT_BY_NAME(SORT_BY_ALIGNMENT(.z_init_EARLY_P_?_*)))
 *(SORT_BY_NAME(SORT_BY_ALIGNMENT(.z_init_EARLY_P_??_*)))
 *(SORT_BY_NAME(SORT_BY_ALIGNMENT(.z_init_EARLY_P_???_*)))
                0x00000000100079c8                __init_PRE_KERNEL_1_start = .
 *(SORT_BY_NAME(SORT_BY_ALIGNMENT(.z_init_PRE_KERNEL_1_P_?_*)))
 *(SORT_BY_NAME(SORT_BY_ALIGNMENT(.z_init_PRE_KERNEL_1_P_??_*)))
 .z_init_PRE_KERNEL_1_P_30_SUB_00026_
                0x00000000100079c8        0x8 zephyr/drivers/clock_control/libdrivers__clock_control.a(clock_control_rpi_pico.c.obj)
 .z_init_PRE_KERNEL_1_P_30_SUB_0_
                0x00000000100079d0        0x8 zephyr/kernel/libkernel.a(kheap.c.obj)
 .z_init_PRE_KERNEL_1_P_35_SUB_00028_
                0x00000000100079d8        0x8 zephyr/drivers/reset/libdrivers__reset.a(reset_rpi_pico.c.obj)
 .z_init_PRE_KERNEL_1_P_50_SUB_00067_
                0x00000000100079e0        0x8 zephyr/drivers/serial/libdrivers__serial.a(uart_pl011.c.obj)
 .z_init_PRE_KERNEL_1_P_50_SUB_00077_
                0x00000000100079e8        0x8 zephyr/libzephyr.a(cdc_acm.c.obj)
 *(SORT_BY_NAME(SORT_BY_ALIGNMENT(.z_init_PRE_KERNEL_1_P_???_*)))
                0x00000000100079f0                __init_PRE_KERNEL_2_start = .
 *(SORT_BY_NAME(SORT_BY_ALIGNMENT(.z_init_PRE_KERNEL_2_P_?_*)))
 .z_init_PRE_KERNEL_2_P_0_SUB_0_
                0x00000000100079f0        0x8 zephyr/drivers/timer/libdrivers__timer.a(cortex_m_systick.c.obj)
 *(SORT_BY_NAME(SORT_BY_ALIGNMENT(.z_init_PRE_KERNEL_2_P_??_*)))
 *(SORT_BY_NAME(SORT_BY_ALIGNMENT(.z_init_PRE_KERNEL_2_P_???_*)))
                0x00000000100079f8                __init_POST_KERNEL_start = .
 *(SORT_BY_NAME(SORT_BY_ALIGNMENT(.z_init_POST_KERNEL_P_?_*)))
 *(SORT_BY_NAME(SORT_BY_ALIGNMENT(.z_init_POST_KERNEL_P_??_*)))
 .z_init_POST_KERNEL_P_35_SUB_0_
                0x00000000100079f8        0x8 zephyr/lib/libc/common/liblib__libc__common.a(malloc.c.obj)
 .z_init_POST_KERNEL_P_40_SUB_00035_
                0x0000000010007a00        0x8 zephyr/drivers/gpio/libdrivers__gpio.a(gpio_rpi_pico.c.obj)
 .z_init_POST_KERNEL_P_40_SUB_0_
                0x0000000010007a08        0x8 zephyr/libzephyr.a(usb_work_q.c.obj)
 .z_init_POST_KERNEL_P_40_SUB_0_
                0x0000000010007a10        0x8 zephyr/kernel/libkernel.a(system_work_q.c.obj)
 .z_init_POST_KERNEL_P_50_SUB_00029_
                0x0000000010007a18        0x8 zephyr/drivers/adc/libdrivers__adc.a(adc_rpi_pico.c.obj)
 .z_init_POST_KERNEL_P_50_SUB_00053_
                0x0000000010007a20        0x8 zephyr/drivers/pwm/libdrivers__pwm.a(pwm_rpi_pico.c.obj)
 .z_init_POST_KERNEL_P_50_SUB_0_
                0x0000000010007a28        0x8 zephyr/drivers/usb/device/libdrivers__usb__device.a(usb_dc_rpi_pico.c.obj)
 .z_init_POST_KERNEL_P_90_SUB_0_
                0x0000000010007a30        0x8 zephyr/libzephyr.a(usb_device.c.obj)
 *(SORT_BY_NAME(SORT_BY_ALIGNMENT(.z_init_POST_KERNEL_P_???_*)))
                0x0000000010007a38                __init_APPLICATION_start = .
 *(SORT_BY_NAME(SORT_BY_ALIGNMENT(.z_init_APPLICATION_P_?_*)))
 *(SORT_BY_NAME(SORT_BY_ALIGNMENT(.z_init_APPLICATION_P_??_*)))
 *(SORT_BY_NAME(SORT_BY_ALIGNMENT(.z_init_APPLICATION_P_???_*)))
                0x0000000010007a38                __init_SMP_start = .
 *(SORT_BY_NAME(SORT_BY_ALIGNMENT(.z_init_SMP_P_?_*)))
 *(SORT_BY_NAME(SORT_BY_ALIGNMENT(.z_init_SMP_P_??_*)))
 *(SORT_BY_NAME(SORT_BY_ALIGNMENT(.z_init_SMP_P_???_*)))
                0x0000000010007a38                __init_end = .

device_area     0x0000000010007a38       0xc4
                0x0000000010007a38                _device_list_start = .
 *(SORT_BY_NAME(SORT_BY_ALIGNMENT(._device.static.*_?_*)))
 *(SORT_BY_NAME(SORT_BY_ALIGNMENT(._device.static.*_??_*)))
 ._device.static.1_30_
                0x0000000010007a38       0x1c zephyr/drivers/clock_control/libdrivers__clock_control.a(clock_control_rpi_pico.c.obj)
                0x0000000010007a38                __device_dts_ord_26
 ._device.static.1_35_
                0x0000000010007a54       0x1c zephyr/drivers/reset/libdrivers__reset.a(reset_rpi_pico.c.obj)
                0x0000000010007a54                __device_dts_ord_28
 ._device.static.1_50_
                0x0000000010007a70       0x1c zephyr/libzephyr.a(cdc_acm.c.obj)
                0x0000000010007a70                __device_dts_ord_77
 ._device.static.1_50_
                0x0000000010007a8c       0x1c zephyr/drivers/serial/libdrivers__serial.a(uart_pl011.c.obj)
                0x0000000010007a8c                __device_dts_ord_67
 ._device.static.3_40_
                0x0000000010007aa8       0x1c zephyr/drivers/gpio/libdrivers__gpio.a(gpio_rpi_pico.c.obj)
                0x0000000010007aa8                __device_dts_ord_35
 ._device.static.3_50_
                0x0000000010007ac4       0x1c zephyr/drivers/adc/libdrivers__adc.a(adc_rpi_pico.c.obj)
                0x0000000010007ac4                __device_dts_ord_29
 ._device.static.3_50_
                0x0000000010007ae0       0x1c zephyr/drivers/pwm/libdrivers__pwm.a(pwm_rpi_pico.c.obj)
                0x0000000010007ae0                __device_dts_ord_53
 *(SORT_BY_NAME(SORT_BY_ALIGNMENT(._device.static.*_???_*)))
 *(SORT_BY_NAME(SORT_BY_ALIGNMENT(._device.static.*_????_*)))
 *(SORT_BY_NAME(SORT_BY_ALIGNMENT(._device.static.*_?????_*)))
                0x0000000010007afc                _device_list_end = .

sw_isr_table    0x0000000010007afc       0xd0
                0x0000000010007afc                . = ALIGN (0x4)
 *(SORT_BY_ALIGNMENT(.gnu.linkonce.sw_isr_table*))
 .gnu.linkonce.sw_isr_table
                0x0000000010007afc       0xd0 zephyr/arch/common/libisr_tables.a(isr_tables.c.obj)
                0x0000000010007afc                _sw_isr_table

initlevel_error
                0x00000000100079c8        0x0
 *(SORT_BY_NAME(SORT_BY_ALIGNMENT(.z_init_*)))
                0x0000000000000001                ASSERT ((SIZEOF (initlevel_error) == 0x0), Undefined initialization levels used.)

app_shmem_regions
                0x0000000010007bcc        0x0
                0x0000000010007bcc                __app_shmem_regions_start = .
 *(SORT_BY_NAME(SORT_BY_ALIGNMENT(.app_regions.*)))
                0x0000000010007bcc                __app_shmem_regions_end = .

k_p4wq_initparam_area
                0x0000000010007bcc        0x0
                0x0000000010007bcc                _k_p4wq_initparam_list_start = .
 *(SORT_BY_NAME(SORT_BY_ALIGNMENT(._k_p4wq_initparam.static.*)))
                0x0000000010007bcc                _k_p4wq_initparam_list_end = .

_static_thread_data_area
                0x0000000010007bcc        0x0
                0x0000000010007bcc                __static_thread_data_list_start = .
 *(SORT_BY_NAME(SORT_BY_ALIGNMENT(.__static_thread_data.static.*)))
                0x0000000010007bcc                __static_thread_data_list_end = .

device_deps     0x0000000010007bcc        0x0
                0x0000000010007bcc                __device_deps_start = .
 *(SORT_BY_NAME(SORT_BY_ALIGNMENT(.__device_deps_pass2*)))
                0x0000000010007bcc                __device_deps_end = .

adc_driver_api_area
                0x0000000010007bcc        0xc
                0x0000000010007bcc                _adc_driver_api_list_start = .
 *(SORT_BY_NAME(SORT_BY_ALIGNMENT(._adc_driver_api.static.*)))
 ._adc_driver_api.static.adc_rpi_api_0_
                0x0000000010007bcc        0xc zephyr/drivers/adc/libdrivers__adc.a(adc_rpi_pico.c.obj)
                0x0000000010007bd8                _adc_driver_api_list_end = .

gpio_driver_api_area
                0x0000000010007bd8       0x24
                0x0000000010007bd8                _gpio_driver_api_list_start = .
 *(SORT_BY_NAME(SORT_BY_ALIGNMENT(._gpio_driver_api.static.*)))
 ._gpio_driver_api.static.gpio_rpi_driver_api_
                0x0000000010007bd8       0x24 zephyr/drivers/gpio/libdrivers__gpio.a(gpio_rpi_pico.c.obj)
                0x0000000010007bfc                _gpio_driver_api_list_end = .

pwm_driver_api_area
                0x0000000010007bfc        0x8
                0x0000000010007bfc                _pwm_driver_api_list_start = .
 *(SORT_BY_NAME(SORT_BY_ALIGNMENT(._pwm_driver_api.static.*)))
 ._pwm_driver_api.static.pwm_rpi_driver_api_
                0x0000000010007bfc        0x8 zephyr/drivers/pwm/libdrivers__pwm.a(pwm_rpi_pico.c.obj)
                0x0000000010007c04                _pwm_driver_api_list_end = .

reset_driver_api_area
                0x0000000010007c04       0x10
                0x0000000010007c04                _reset_driver_api_list_start = .
 *(SORT_BY_NAME(SORT_BY_ALIGNMENT(._reset_driver_api.static.*)))
 ._reset_driver_api.static.reset_rpi_driver_api_
                0x0000000010007c04       0x10 zephyr/drivers/reset/libdrivers__reset.a(reset_rpi_pico.c.obj)
                0x0000000010007c14                _reset_driver_api_list_end = .

shared_irq_driver_api_area
                0x0000000010007c14        0x0
                0x0000000010007c14                _shared_irq_driver_api_list_start = .
 *(SORT_BY_NAME(SORT_BY_ALIGNMENT(._shared_irq_driver_api.static.*)))
                0x0000000010007c14                _shared_irq_driver_api_list_end = .

crypto_driver_api_area
                0x0000000010007c14        0x0
                0x0000000010007c14                _crypto_driver_api_list_start = .
 *(SORT_BY_NAME(SORT_BY_ALIGNMENT(._crypto_driver_api.static.*)))
                0x0000000010007c14                _crypto_driver_api_list_end = .

auxdisplay_driver_api_area
                0x0000000010007c14        0x0
                0x0000000010007c14                _auxdisplay_driver_api_list_start = .
 *(SORT_BY_NAME(SORT_BY_ALIGNMENT(._auxdisplay_driver_api.static.*)))
                0x0000000010007c14                _auxdisplay_driver_api_list_end = .

bbram_driver_api_area
                0x0000000010007c14        0x0
                0x0000000010007c14                _bbram_driver_api_list_start = .
 *(SORT_BY_NAME(SORT_BY_ALIGNMENT(._bbram_driver_api.static.*)))
                0x0000000010007c14                _bbram_driver_api_list_end = .

bt_hci_driver_api_area
                0x0000000010007c14        0x0
                0x0000000010007c14                _bt_hci_driver_api_list_start = .
 *(SORT_BY_NAME(SORT_BY_ALIGNMENT(._bt_hci_driver_api.static.*)))
                0x0000000010007c14                _bt_hci_driver_api_list_end = .

can_driver_api_area
                0x0000000010007c14        0x0
                0x0000000010007c14                _can_driver_api_list_start = .
 *(SORT_BY_NAME(SORT_BY_ALIGNMENT(._can_driver_api.static.*)))
                0x0000000010007c14                _can_driver_api_list_end = .

cellular_driver_api_area
                0x0000000010007c14        0x0
                0x0000000010007c14                _cellular_driver_api_list_start = .
 *(SORT_BY_NAME(SORT_BY_ALIGNMENT(._cellular_driver_api.static.*)))
                0x0000000010007c14                _cellular_driver_api_list_end = .

charger_driver_api_area
                0x0000000010007c14        0x0
                0x0000000010007c14                _charger_driver_api_list_start = .
 *(SORT_BY_NAME(SORT_BY_ALIGNMENT(._charger_driver_api.static.*)))
                0x0000000010007c14                _charger_driver_api_list_end = .

clock_control_driver_api_area
                0x0000000010007c14       0x1c
                0x0000000010007c14                _clock_control_driver_api_list_start = .
 *(SORT_BY_NAME(SORT_BY_ALIGNMENT(._clock_control_driver_api.static.*)))
 ._clock_control_driver_api.static.clock_control_rpi_pico_api_
                0x0000000010007c14       0x1c zephyr/drivers/clock_control/libdrivers__clock_control.a(clock_control_rpi_pico.c.obj)
                0x0000000010007c30                _clock_control_driver_api_list_end = .

comparator_driver_api_area
                0x0000000010007c30        0x0
                0x0000000010007c30                _comparator_driver_api_list_start = .
 *(SORT_BY_NAME(SORT_BY_ALIGNMENT(._comparator_driver_api.static.*)))
                0x0000000010007c30                _comparator_driver_api_list_end = .

coredump_driver_api_area
                0x0000000010007c30        0x0
                0x0000000010007c30                _coredump_driver_api_list_start = .
 *(SORT_BY_NAME(SORT_BY_ALIGNMENT(._coredump_driver_api.static.*)))
                0x0000000010007c30                _coredump_driver_api_list_end = .

counter_driver_api_area
                0x0000000010007c30        0x0
                0x0000000010007c30                _counter_driver_api_list_start = .
 *(SORT_BY_NAME(SORT_BY_ALIGNMENT(._counter_driver_api.static.*)))
                0x0000000010007c30                _counter_driver_api_list_end = .

crc_driver_api_area
                0x0000000010007c30        0x0
                0x0000000010007c30                _crc_driver_api_list_start = .
 *(SORT_BY_NAME(SORT_BY_ALIGNMENT(._crc_driver_api.static.*)))
                0x0000000010007c30                _crc_driver_api_list_end = .

dac_driver_api_area
                0x0000000010007c30        0x0
                0x0000000010007c30                _dac_driver_api_list_start = .
 *(SORT_BY_NAME(SORT_BY_ALIGNMENT(._dac_driver_api.static.*)))
                0x0000000010007c30                _dac_driver_api_list_end = .

dai_driver_api_area
                0x0000000010007c30        0x0
                0x0000000010007c30                _dai_driver_api_list_start = .
 *(SORT_BY_NAME(SORT_BY_ALIGNMENT(._dai_driver_api.static.*)))
                0x0000000010007c30                _dai_driver_api_list_end = .

display_driver_api_area
                0x0000000010007c30        0x0
                0x0000000010007c30                _display_driver_api_list_start = .
 *(SORT_BY_NAME(SORT_BY_ALIGNMENT(._display_driver_api.static.*)))
                0x0000000010007c30                _display_driver_api_list_end = .

dma_driver_api_area
                0x0000000010007c30        0x0
                0x0000000010007c30                _dma_driver_api_list_start = .
 *(SORT_BY_NAME(SORT_BY_ALIGNMENT(._dma_driver_api.static.*)))
                0x0000000010007c30                _dma_driver_api_list_end = .

edac_driver_api_area
                0x0000000010007c30        0x0
                0x0000000010007c30                _edac_driver_api_list_start = .
 *(SORT_BY_NAME(SORT_BY_ALIGNMENT(._edac_driver_api.static.*)))
                0x0000000010007c30                _edac_driver_api_list_end = .

eeprom_driver_api_area
                0x0000000010007c30        0x0
                0x0000000010007c30                _eeprom_driver_api_list_start = .
 *(SORT_BY_NAME(SORT_BY_ALIGNMENT(._eeprom_driver_api.static.*)))
                0x0000000010007c30                _eeprom_driver_api_list_end = .

emul_bbram_driver_api_area
                0x0000000010007c30        0x0
                0x0000000010007c30                _emul_bbram_driver_api_list_start = .
 *(SORT_BY_NAME(SORT_BY_ALIGNMENT(._emul_bbram_driver_api.static.*)))
                0x0000000010007c30                _emul_bbram_driver_api_list_end = .

fuel_gauge_emul_driver_api_area
                0x0000000010007c30        0x0
                0x0000000010007c30                _fuel_gauge_emul_driver_api_list_start = .
 *(SORT_BY_NAME(SORT_BY_ALIGNMENT(._fuel_gauge_emul_driver_api.static.*)))
                0x0000000010007c30                _fuel_gauge_emul_driver_api_list_end = .

emul_sensor_driver_api_area
                0x0000000010007c30        0x0
                0x0000000010007c30                _emul_sensor_driver_api_list_start = .
 *(SORT_BY_NAME(SORT_BY_ALIGNMENT(._emul_sensor_driver_api.static.*)))
                0x0000000010007c30                _emul_sensor_driver_api_list_end = .

entropy_driver_api_area
                0x0000000010007c30        0x0
                0x0000000010007c30                _entropy_driver_api_list_start = .
 *(SORT_BY_NAME(SORT_BY_ALIGNMENT(._entropy_driver_api.static.*)))
                0x0000000010007c30                _entropy_driver_api_list_end = .

espi_driver_api_area
                0x0000000010007c30        0x0
                0x0000000010007c30                _espi_driver_api_list_start = .
 *(SORT_BY_NAME(SORT_BY_ALIGNMENT(._espi_driver_api.static.*)))
                0x0000000010007c30                _espi_driver_api_list_end = .

espi_saf_driver_api_area
                0x0000000010007c30        0x0
                0x0000000010007c30                _espi_saf_driver_api_list_start = .
 *(SORT_BY_NAME(SORT_BY_ALIGNMENT(._espi_saf_driver_api.static.*)))
                0x0000000010007c30                _espi_saf_driver_api_list_end = .

flash_driver_api_area
                0x0000000010007c30        0x0
                0x0000000010007c30                _flash_driver_api_list_start = .
 *(SORT_BY_NAME(SORT_BY_ALIGNMENT(._flash_driver_api.static.*)))
                0x0000000010007c30                _flash_driver_api_list_end = .

fpga_driver_api_area
                0x0000000010007c30        0x0
                0x0000000010007c30                _fpga_driver_api_list_start = .
 *(SORT_BY_NAME(SORT_BY_ALIGNMENT(._fpga_driver_api.static.*)))
                0x0000000010007c30                _fpga_driver_api_list_end = .

fuel_gauge_driver_api_area
                0x0000000010007c30        0x0
                0x0000000010007c30                _fuel_gauge_driver_api_list_start = .
 *(SORT_BY_NAME(SORT_BY_ALIGNMENT(._fuel_gauge_driver_api.static.*)))
                0x0000000010007c30                _fuel_gauge_driver_api_list_end = .

gnss_driver_api_area
                0x0000000010007c30        0x0
                0x0000000010007c30                _gnss_driver_api_list_start = .
 *(SORT_BY_NAME(SORT_BY_ALIGNMENT(._gnss_driver_api.static.*)))
                0x0000000010007c30                _gnss_driver_api_list_end = .

haptics_driver_api_area
                0x0000000010007c30        0x0
                0x0000000010007c30                _haptics_driver_api_list_start = .
 *(SORT_BY_NAME(SORT_BY_ALIGNMENT(._haptics_driver_api.static.*)))
                0x0000000010007c30                _haptics_driver_api_list_end = .

hwspinlock_driver_api_area
                0x0000000010007c30        0x0
                0x0000000010007c30                _hwspinlock_driver_api_list_start = .
 *(SORT_BY_NAME(SORT_BY_ALIGNMENT(._hwspinlock_driver_api.static.*)))
                0x0000000010007c30                _hwspinlock_driver_api_list_end = .

i2c_driver_api_area
                0x0000000010007c30        0x0
                0x0000000010007c30                _i2c_driver_api_list_start = .
 *(SORT_BY_NAME(SORT_BY_ALIGNMENT(._i2c_driver_api.static.*)))
                0x0000000010007c30                _i2c_driver_api_list_end = .

i2c_target_driver_api_area
                0x0000000010007c30        0x0
                0x0000000010007c30                _i2c_target_driver_api_list_start = .
 *(SORT_BY_NAME(SORT_BY_ALIGNMENT(._i2c_target_driver_api.static.*)))
                0x0000000010007c30                _i2c_target_driver_api_list_end = .

i2s_driver_api_area
                0x0000000010007c30        0x0
                0x0000000010007c30                _i2s_driver_api_list_start = .
 *(SORT_BY_NAME(SORT_BY_ALIGNMENT(._i2s_driver_api.static.*)))
                0x0000000010007c30                _i2s_driver_api_list_end = .

i3c_driver_api_area
                0x0000000010007c30        0x0
                0x0000000010007c30                _i3c_driver_api_list_start = .
 *(SORT_BY_NAME(SORT_BY_ALIGNMENT(._i3c_driver_api.static.*)))
                0x0000000010007c30                _i3c_driver_api_list_end = .

ipm_driver_api_area
                0x0000000010007c30        0x0
                0x0000000010007c30                _ipm_driver_api_list_start = .
 *(SORT_BY_NAME(SORT_BY_ALIGNMENT(._ipm_driver_api.static.*)))
                0x0000000010007c30                _ipm_driver_api_list_end = .

led_driver_api_area
                0x0000000010007c30        0x0
                0x0000000010007c30                _led_driver_api_list_start = .
 *(SORT_BY_NAME(SORT_BY_ALIGNMENT(._led_driver_api.static.*)))
                0x0000000010007c30                _led_driver_api_list_end = .

led_strip_driver_api_area
                0x0000000010007c30        0x0
                0x0000000010007c30                _led_strip_driver_api_list_start = .
 *(SORT_BY_NAME(SORT_BY_ALIGNMENT(._led_strip_driver_api.static.*)))
                0x0000000010007c30                _led_strip_driver_api_list_end = .

lora_driver_api_area
                0x0000000010007c30        0x0
                0x0000000010007c30                _lora_driver_api_list_start = .
 *(SORT_BY_NAME(SORT_BY_ALIGNMENT(._lora_driver_api.static.*)))
                0x0000000010007c30                _lora_driver_api_list_end = .

mbox_driver_api_area
                0x0000000010007c30        0x0
                0x0000000010007c30                _mbox_driver_api_list_start = .
 *(SORT_BY_NAME(SORT_BY_ALIGNMENT(._mbox_driver_api.static.*)))
                0x0000000010007c30                _mbox_driver_api_list_end = .

mdio_driver_api_area
                0x0000000010007c30        0x0
                0x0000000010007c30                _mdio_driver_api_list_start = .
 *(SORT_BY_NAME(SORT_BY_ALIGNMENT(._mdio_driver_api.static.*)))
                0x0000000010007c30                _mdio_driver_api_list_end = .

mipi_dbi_driver_api_area
                0x0000000010007c30        0x0
                0x0000000010007c30                _mipi_dbi_driver_api_list_start = .
 *(SORT_BY_NAME(SORT_BY_ALIGNMENT(._mipi_dbi_driver_api.static.*)))
                0x0000000010007c30                _mipi_dbi_driver_api_list_end = .

mipi_dsi_driver_api_area
                0x0000000010007c30        0x0
                0x0000000010007c30                _mipi_dsi_driver_api_list_start = .
 *(SORT_BY_NAME(SORT_BY_ALIGNMENT(._mipi_dsi_driver_api.static.*)))
                0x0000000010007c30                _mipi_dsi_driver_api_list_end = .

mspi_driver_api_area
                0x0000000010007c30        0x0
                0x0000000010007c30                _mspi_driver_api_list_start = .
 *(SORT_BY_NAME(SORT_BY_ALIGNMENT(._mspi_driver_api.static.*)))
                0x0000000010007c30                _mspi_driver_api_list_end = .

opamp_driver_api_area
                0x0000000010007c30        0x0
                0x0000000010007c30                _opamp_driver_api_list_start = .
 *(SORT_BY_NAME(SORT_BY_ALIGNMENT(._opamp_driver_api.static.*)))
                0x0000000010007c30                _opamp_driver_api_list_end = .

otp_driver_api_area
                0x0000000010007c30        0x0
                0x0000000010007c30                _otp_driver_api_list_start = .
 *(SORT_BY_NAME(SORT_BY_ALIGNMENT(._otp_driver_api.static.*)))
                0x0000000010007c30                _otp_driver_api_list_end = .

peci_driver_api_area
                0x0000000010007c30        0x0
                0x0000000010007c30                _peci_driver_api_list_start = .
 *(SORT_BY_NAME(SORT_BY_ALIGNMENT(._peci_driver_api.static.*)))
                0x0000000010007c30                _peci_driver_api_list_end = .

ps2_driver_api_area
                0x0000000010007c30        0x0
                0x0000000010007c30                _ps2_driver_api_list_start = .
 *(SORT_BY_NAME(SORT_BY_ALIGNMENT(._ps2_driver_api.static.*)))
                0x0000000010007c30                _ps2_driver_api_list_end = .

ptp_clock_driver_api_area
                0x0000000010007c30        0x0
                0x0000000010007c30                _ptp_clock_driver_api_list_start = .
 *(SORT_BY_NAME(SORT_BY_ALIGNMENT(._ptp_clock_driver_api.static.*)))
                0x0000000010007c30                _ptp_clock_driver_api_list_end = .

regulator_parent_driver_api_area
                0x0000000010007c30        0x0
                0x0000000010007c30                _regulator_parent_driver_api_list_start = .
 *(SORT_BY_NAME(SORT_BY_ALIGNMENT(._regulator_parent_driver_api.static.*)))
                0x0000000010007c30                _regulator_parent_driver_api_list_end = .

regulator_driver_api_area
                0x0000000010007c30        0x0
                0x0000000010007c30                _regulator_driver_api_list_start = .
 *(SORT_BY_NAME(SORT_BY_ALIGNMENT(._regulator_driver_api.static.*)))
                0x0000000010007c30                _regulator_driver_api_list_end = .

retained_mem_driver_api_area
                0x0000000010007c30        0x0
                0x0000000010007c30                _retained_mem_driver_api_list_start = .
 *(SORT_BY_NAME(SORT_BY_ALIGNMENT(._retained_mem_driver_api.static.*)))
                0x0000000010007c30                _retained_mem_driver_api_list_end = .

rtc_driver_api_area
                0x0000000010007c30        0x0
                0x0000000010007c30                _rtc_driver_api_list_start = .
 *(SORT_BY_NAME(SORT_BY_ALIGNMENT(._rtc_driver_api.static.*)))
                0x0000000010007c30                _rtc_driver_api_list_end = .

sdhc_driver_api_area
                0x0000000010007c30        0x0
                0x0000000010007c30                _sdhc_driver_api_list_start = .
 *(SORT_BY_NAME(SORT_BY_ALIGNMENT(._sdhc_driver_api.static.*)))
                0x0000000010007c30                _sdhc_driver_api_list_end = .

sensor_driver_api_area
                0x0000000010007c30        0x0
                0x0000000010007c30                _sensor_driver_api_list_start = .
 *(SORT_BY_NAME(SORT_BY_ALIGNMENT(._sensor_driver_api.static.*)))
                0x0000000010007c30                _sensor_driver_api_list_end = .

smbus_driver_api_area
                0x0000000010007c30        0x0
                0x0000000010007c30                _smbus_driver_api_list_start = .